Archive member included because of file (symbol)

contiki-z1.a(contiki-z1-plat)
                              obj_z1/contiki-z1-main.o (init_platform)
contiki-z1.a(msp430.o)        obj_z1/contiki-z1-main.o (splhigh_)
contiki-z1.a(leds.o)          obj_z1/contiki-z1-main.o (leds_init)
contiki-z1.a(watchdog.o)      obj_z1/contiki-z1-main.o (watchdog_start)
contiki-z1.a(xmem.o)          obj_z1/contiki-z1-main.o (xmem_init)
contiki-z1.a(spi.o)           contiki-z1.a(xmem.o) (spi_init)
contiki-z1.a(cc2420.o)        obj_z1/contiki-z1-main.o (cc2420_set_pan_addr)
contiki-z1.a(cc2420-arch.o)   contiki-z1.a(cc2420.o) (cc2420_arch_init)
contiki-z1.a(node-id.o)       obj_z1/contiki-z1-main.o (node_id_restore)
contiki-z1.a(sensors.o)       contiki-z1.a(contiki-z1-plat) (sensors_process)
contiki-z1.a(uart0.o)         obj_z1/contiki-z1-main.o (uart0_active)
contiki-z1.a(uart0-putchar.o)
                              obj_z1/contiki-z1-main.o (putchar)
contiki-z1.a(z1-sensors.o)    contiki-z1.a(sensors.o) (sensors_flags)
contiki-z1.a(adxl345.o)       obj_z1/contiki-z1-main.o (adxl345)
contiki-z1.a(tmp102.o)        contiki-z1.a(z1-sensors.o) (tmp102)
contiki-z1.a(clock.o)         obj_z1/contiki-z1-main.o (clock_init)
contiki-z1.a(leds-arch.o)     contiki-z1.a(leds.o) (leds_arch_init)
contiki-z1.a(rtimer-arch.o)   obj_z1/contiki-z1-main.o (rtimer_arch_now)
contiki-z1.a(autostart.o)     obj_z1/contiki-z1-main.o (autostart_start)
contiki-z1.a(energest.o)      obj_z1/contiki-z1-main.o (energest_init)
contiki-z1.a(etimer.o)        contiki-z1.a(clock.o) (etimer_request_poll)
contiki-z1.a(ctimer.o)        obj_z1/contiki-z1-main.o (ctimer_init)
contiki-z1.a(process.o)       contiki-z1.a(etimer.o) (process_current)
contiki-z1.a(rtimer.o)        obj_z1/contiki-z1-main.o (rtimer_init)
contiki-z1.a(timer.o)         contiki-z1.a(adxl345.o) (timer_set)
contiki-z1.a(list.o)          contiki-z1.a(ctimer.o) (list_init)
contiki-z1.a(random.o)        obj_z1/contiki-z1-main.o (random_init)
contiki-z1.a(uip-ds6.o)       obj_z1/contiki-z1-main.o (uip_ds6_get_link_local)
contiki-z1.a(uip-ds6-route.o)
                              contiki-z1.a(uip-ds6.o) (uip_ds6_route_init)
contiki-z1.a(uip6.o)          obj_z1/mqtt_sn.o (uip_htons)
contiki-z1.a(uip-ds6-nbr.o)   contiki-z1.a(uip-ds6.o) (uip_ds6_neighbors_init)
contiki-z1.a(uip-nd6.o)       contiki-z1.a(uip6.o) (uip_nd6_init)
contiki-z1.a(sicslowpan.o)    obj_z1/contiki-z1-main.o (sicslowpan_driver)
contiki-z1.a(uip-debug.o)     obj_z1/mqtt_sn.o (uip_debug_ipaddr_print)
contiki-z1.a(tcpip.o)         contiki-z1.a(sicslowpan.o) (tcpip_set_outputfunc)
contiki-z1.a(simple-udp.o)    obj_z1/mqtt_sn.o (simple_udp_send)
contiki-z1.a(rpl-dag.o)       contiki-z1.a(tcpip.o) (rpl_repair_root)
contiki-z1.a(rpl-timers.o)    contiki-z1.a(rpl-dag.o) (rpl_reset_dio_timer)
contiki-z1.a(rpl-ext-header.)
                              contiki-z1.a(uip6.o) (rpl_verify_hbh_header)
contiki-z1.a(rpl.o)           contiki-z1.a(rpl-timers.o) (rpl_get_mode)
contiki-z1.a(rpl-mrhof.o)     contiki-z1.a(rpl-dag.o) (rpl_mrhof)
contiki-z1.a(queuebuf.o)      obj_z1/contiki-z1-main.o (queuebuf_init)
contiki-z1.a(nbr-table.o)     contiki-z1.a(uip-ds6-route.o) (nbr_table_register)
contiki-z1.a(packetbuf.o)     contiki-z1.a(cc2420.o) (packetbuf_set_datalen)
contiki-z1.a(linkaddr.o)      obj_z1/contiki-z1-main.o (linkaddr_copy)
contiki-z1.a(link-stats.o)    contiki-z1.a(rpl-dag.o) (link_stats_from_lladdr)
contiki-z1.a(nullmac.o)       obj_z1/contiki-z1-main.o (nullmac_driver)
contiki-z1.a(framer-802154.o)
                              contiki-z1.a(sicslowpan.o) (framer_802154)
contiki-z1.a(nullrdc.o)       obj_z1/contiki-z1-main.o (nullrdc_driver)
contiki-z1.a(nullsec.o)       obj_z1/contiki-z1-main.o (nullsec_driver)
contiki-z1.a(i2cmaster.o)     contiki-z1.a(adxl345.o) (i2c_receiveinit)
contiki-z1.a(button-sensor.o)
                              contiki-z1.a(z1-sensors.o) (button_sensor)
contiki-z1.a(stimer.o)        contiki-z1.a(uip-ds6.o) (stimer_set)
contiki-z1.a(memb.o)          contiki-z1.a(uip-ds6-route.o) (memb_init)
contiki-z1.a(uip-icmp6.o)     contiki-z1.a(uip6.o) (uip_icmp6_input)
contiki-z1.a(uip-udp-packet.)
                              contiki-z1.a(simple-udp.o) (uip_udp_packet_sendto)
contiki-z1.a(rpl-icmp6.o)     contiki-z1.a(rpl-dag.o) (rpl_icmp6_update_nbr_table)
contiki-z1.a(rpl-nbr-policy.)
                              contiki-z1.a(nbr-table.o) (rpl_nbr_policy_find_removable)
contiki-z1.a(frame802154.o)   contiki-z1.a(framer-802154.o) (frame802154_get_pan_id)
contiki-z1.a(mac.o)           contiki-z1.a(nullrdc.o) (mac_call_sent_callback)
/usr/lib/gcc/msp430/4.6.3/mcpu-430x/mmpy-16/libgcc.a(_mulsi3.o)
                              contiki-z1.a(rpl-timers.o) (__mulsi3)
/usr/lib/gcc/msp430/4.6.3/mcpu-430x/mmpy-16/libgcc.a(_udivmod16.o)
                              contiki-z1.a(rpl-dag.o) (__udivhi3)
/usr/lib/gcc/msp430/4.6.3/mcpu-430x/mmpy-16/libgcc.a(_divmod16.o)
[...]
Memory Configuration

Name             Origin             Length             Attributes
sfr              0x0000000000000000 0x0000000000000010
peripheral_8bit  0x0000000000000010 0x00000000000000f0
peripheral_16bit 0x0000000000000100 0x0000000000000100
ram_mirror       0x0000000000000200 0x0000000000000800 xw
infomem          0x0000000000001000 0x0000000000000100
infod            0x0000000000001000 0x0000000000000040
infoc            0x0000000000001040 0x0000000000000040
infob            0x0000000000001080 0x0000000000000040
infoa            0x00000000000010c0 0x0000000000000040
ram              0x0000000000001100 0x0000000000002000 xw
rom              0x0000000000003100 0x000000000000cebe xr
vectors          0x000000000000ffc0 0x0000000000000040
far_rom          0x0000000000010000 0x000000000000a000
bsl              0x0000000000000000 0x0000000000000000
ram2             0x0000000000000000 0x0000000000000000 xw
usbram           0x0000000000000000 0x0000000000000000 xw
*default*        0x0000000000000000 0xffffffffffffffff

Linker script and memory map

LOAD /usr/lib/gcc/msp430/4.6.3/mcpu-430x/mmpy-16/crt0ivtbl32.o
                0x0000000000000041                __P1SEL2 = 0x41
                0x0000000000000045                __P5SEL2 = 0x45
LOAD main_core.co
LOAD obj_z1/mqtt_sn.o
LOAD obj_z1/powertrace.o
LOAD obj_z1/contiki-z1-main.o
LOAD contiki-z1.a
LOAD /usr/lib/gcc/msp430/4.6.3/mcpu-430x/mmpy-16/libgcc.a
LOAD /usr/lib/gcc/msp430/4.6.3/../../../../msp430/lib/mcpu-430x/mmpy-16/libc.a
LOAD /usr/lib/gcc/msp430/4.6.3/mcpu-430x/mmpy-16/libgcc.a
LOAD /usr/lib/gcc/msp430/4.6.3/mcpu-430x/mmpy-16/libcrt0.a
                0x0000000000000040                PROVIDE (__info_segment_size, 0x40)
                0x0000000000001000                PROVIDE (__infod, 0x1000)
                0x0000000000001040                PROVIDE (__infoc, 0x1040)
                0x0000000000001080                PROVIDE (__infob, 0x1080)
                0x00000000000010c0                PROVIDE (__infoa, 0x10c0)
                0x0000000000000000                __IE1 = 0x0
                0x0000000000000002                __IFG1 = 0x2
                0x0000000000000001                __IE2 = 0x1
                0x0000000000000003                __IFG2 = 0x3
                0x0000000000000006                __UC1IE = 0x6
                0x0000000000000007                __UC1IFG = 0x7
                0x00000000000001a0                __ADC12CTL0 = 0x1a0
                0x00000000000001a2                __ADC12CTL1 = 0x1a2
                0x00000000000001a4                __ADC12IFG = 0x1a4
                0x00000000000001a6                __ADC12IE = 0x1a6
                0x00000000000001a8                __ADC12IV = 0x1a8
                0x0000000000000140                __ADC12MEM0 = 0x140
                0x0000000000000142                __ADC12MEM1 = 0x142
                0x0000000000000144                __ADC12MEM2 = 0x144
                0x0000000000000146                __ADC12MEM3 = 0x146
                0x0000000000000148                __ADC12MEM4 = 0x148
                0x000000000000014a                __ADC12MEM5 = 0x14a
                0x000000000000014c                __ADC12MEM6 = 0x14c
                0x000000000000014e                __ADC12MEM7 = 0x14e
                0x0000000000000150                __ADC12MEM8 = 0x150
                0x0000000000000152                __ADC12MEM9 = 0x152
                0x0000000000000154                __ADC12MEM10 = 0x154
                0x0000000000000156                __ADC12MEM11 = 0x156
                0x0000000000000158                __ADC12MEM12 = 0x158
                0x000000000000015a                __ADC12MEM13 = 0x15a
                0x000000000000015c                __ADC12MEM14 = 0x15c
                0x000000000000015e                __ADC12MEM15 = 0x15e
                0x0000000000000080                __ADC12MCTL0 = 0x80
                0x0000000000000081                __ADC12MCTL1 = 0x81
                0x0000000000000082                __ADC12MCTL2 = 0x82
                0x0000000000000083                __ADC12MCTL3 = 0x83
                0x0000000000000084                __ADC12MCTL4 = 0x84
                0x0000000000000085                __ADC12MCTL5 = 0x85
                0x0000000000000086                __ADC12MCTL6 = 0x86
                0x0000000000000087                __ADC12MCTL7 = 0x87
                0x0000000000000088                __ADC12MCTL8 = 0x88
                0x0000000000000089                __ADC12MCTL9 = 0x89
                0x000000000000008a                __ADC12MCTL10 = 0x8a
                0x000000000000008b                __ADC12MCTL11 = 0x8b
                0x000000000000008c                __ADC12MCTL12 = 0x8c
                0x000000000000008d                __ADC12MCTL13 = 0x8d
                0x000000000000008e                __ADC12MCTL14 = 0x8e
                0x000000000000008f                __ADC12MCTL15 = 0x8f
                0x0000000000000056                __DCOCTL = 0x56
                0x0000000000000057                __BCSCTL1 = 0x57
                0x0000000000000058                __BCSCTL2 = 0x58
                0x0000000000000053                __BCSCTL3 = 0x53
                0x0000000000000059                __CACTL1 = 0x59
                0x000000000000005a                __CACTL2 = 0x5a
                0x000000000000005b                __CAPD = 0x5b
                0x00000000000001c0                __DAC12_0CTL = 0x1c0
                0x00000000000001c2                __DAC12_1CTL = 0x1c2
                0x00000000000001c8                __DAC12_0DAT = 0x1c8
                0x00000000000001ca                __DAC12_1DAT = 0x1ca
                0x0000000000000122                __DMACTL0 = 0x122
                0x0000000000000124                __DMACTL1 = 0x124
                0x0000000000000126                __DMAIV = 0x126
                0x00000000000001d0                __DMA0CTL = 0x1d0
                0x00000000000001dc                __DMA1CTL = 0x1dc
                0x00000000000001e8                __DMA2CTL = 0x1e8
                0x00000000000001d2                __DMA0SA = 0x1d2
                0x00000000000001d2                __DMA0SAL = 0x1d2
                0x00000000000001d6                __DMA0DA = 0x1d6
                0x00000000000001d6                __DMA0DAL = 0x1d6
                0x00000000000001da                __DMA0SZ = 0x1da
                0x00000000000001de                __DMA1SA = 0x1de
                0x00000000000001de                __DMA1SAL = 0x1de
                0x00000000000001e2                __DMA1DA = 0x1e2
                0x00000000000001e2                __DMA1DAL = 0x1e2
                0x00000000000001e6                __DMA1SZ = 0x1e6
                0x00000000000001ea                __DMA2SA = 0x1ea
                0x00000000000001ea                __DMA2SAL = 0x1ea
                0x00000000000001ee                __DMA2DA = 0x1ee
                0x00000000000001ee                __DMA2DAL = 0x1ee
                0x00000000000001f2                __DMA2SZ = 0x1f2
                0x0000000000000128                __FCTL1 = 0x128
                0x000000000000012a                __FCTL2 = 0x12a
                0x000000000000012c                __FCTL3 = 0x12c
                0x00000000000001be                __FCTL4 = 0x1be
                0x0000000000000130                __MPY = 0x130
                0x0000000000000132                __MPYS = 0x132
                0x0000000000000134                __MAC = 0x134
                0x0000000000000136                __MACS = 0x136
                0x0000000000000138                __OP2 = 0x138
                0x000000000000013a                __RESLO = 0x13a
                0x000000000000013c                __RESHI = 0x13c
                0x000000000000013e                __SUMEXT = 0x13e
                0x0000000000000020                __P1IN = 0x20
                0x0000000000000021                __P1OUT = 0x21
                0x0000000000000022                __P1DIR = 0x22
                0x0000000000000023                __P1IFG = 0x23
                0x0000000000000024                __P1IES = 0x24
                0x0000000000000025                __P1IE = 0x25
                0x0000000000000026                __P1SEL = 0x26
                0x0000000000000027                __P1REN = 0x27
                0x0000000000000028                __P2IN = 0x28
                0x0000000000000029                __P2OUT = 0x29
                0x000000000000002a                __P2DIR = 0x2a
                0x000000000000002b                __P2IFG = 0x2b
                0x000000000000002c                __P2IES = 0x2c
                0x000000000000002d                __P2IE = 0x2d
                0x000000000000002e                __P2SEL = 0x2e
                0x000000000000002f                __P2REN = 0x2f
                0x0000000000000018                __P3IN = 0x18
                0x0000000000000019                __P3OUT = 0x19
                0x000000000000001a                __P3DIR = 0x1a
                0x000000000000001b                __P3SEL = 0x1b
                0x0000000000000010                __P3REN = 0x10
                0x000000000000001c                __P4IN = 0x1c
                0x000000000000001d                __P4OUT = 0x1d
                0x000000000000001e                __P4DIR = 0x1e
                0x000000000000001f                __P4SEL = 0x1f
                0x0000000000000011                __P4REN = 0x11
                0x0000000000000030                __P5IN = 0x30
                0x0000000000000031                __P5OUT = 0x31
                0x0000000000000032                __P5DIR = 0x32
                0x0000000000000033                __P5SEL = 0x33
                0x0000000000000012                __P5REN = 0x12
                0x0000000000000034                __P6IN = 0x34
                0x0000000000000035                __P6OUT = 0x35
                0x0000000000000036                __P6DIR = 0x36
                0x0000000000000037                __P6SEL = 0x37
                0x0000000000000013                __P6REN = 0x13
                0x0000000000000038                __P7IN = 0x38
                0x000000000000003a                __P7OUT = 0x3a
                0x000000000000003c                __P7DIR = 0x3c
                0x000000000000003e                __P7SEL = 0x3e
                0x0000000000000014                __P7REN = 0x14
                0x0000000000000039                __P8IN = 0x39
                0x000000000000003b                __P8OUT = 0x3b
                0x000000000000003d                __P8DIR = 0x3d
                0x000000000000003f                __P8SEL = 0x3f
                0x0000000000000015                __P8REN = 0x15
                0x0000000000000038                __PAIN = 0x38
                0x000000000000003a                __PAOUT = 0x3a
                0x000000000000003c                __PADIR = 0x3c
                0x000000000000003e                __PASEL = 0x3e
                0x0000000000000014                __PAREN = 0x14
                0x0000000000000055                __SVSCTL = 0x55
                0x000000000000012e                __TAIV = 0x12e
                0x0000000000000160                __TACTL = 0x160
                0x0000000000000162                __TACCTL0 = 0x162
                0x0000000000000164                __TACCTL1 = 0x164
                0x0000000000000166                __TACCTL2 = 0x166
                0x0000000000000170                __TAR = 0x170
                0x0000000000000172                __TACCR0 = 0x172
                0x0000000000000174                __TACCR1 = 0x174
                0x0000000000000176                __TACCR2 = 0x176
                0x000000000000011e                __TBIV = 0x11e
                0x0000000000000180                __TBCTL = 0x180
                0x0000000000000182                __TBCCTL0 = 0x182
                0x0000000000000184                __TBCCTL1 = 0x184
                0x0000000000000186                __TBCCTL2 = 0x186
                0x0000000000000188                __TBCCTL3 = 0x188
                0x000000000000018a                __TBCCTL4 = 0x18a
                0x000000000000018c                __TBCCTL5 = 0x18c
                0x000000000000018e                __TBCCTL6 = 0x18e
                0x0000000000000190                __TBR = 0x190
                0x0000000000000192                __TBCCR0 = 0x192
                0x0000000000000194                __TBCCR1 = 0x194
                0x0000000000000196                __TBCCR2 = 0x196
                0x0000000000000198                __TBCCR3 = 0x198
                0x000000000000019a                __TBCCR4 = 0x19a
                0x000000000000019c                __TBCCR5 = 0x19c
                0x000000000000019e                __TBCCR6 = 0x19e
                0x0000000000000060                __UCA0CTL0 = 0x60
                0x0000000000000061                __UCA0CTL1 = 0x61
                0x0000000000000062                __UCA0BR0 = 0x62
                0x0000000000000063                __UCA0BR1 = 0x63
                0x0000000000000064                __UCA0MCTL = 0x64
                0x0000000000000065                __UCA0STAT = 0x65
                0x0000000000000066                __UCA0RXBUF = 0x66
                0x0000000000000067                __UCA0TXBUF = 0x67
                0x000000000000005d                __UCA0ABCTL = 0x5d
                0x000000000000005e                __UCA0IRTCTL = 0x5e
                0x000000000000005f                __UCA0IRRCTL = 0x5f
                0x0000000000000068                __UCB0CTL0 = 0x68
                0x0000000000000069                __UCB0CTL1 = 0x69
                0x000000000000006a                __UCB0BR0 = 0x6a
                0x000000000000006b                __UCB0BR1 = 0x6b
                0x000000000000006c                __UCB0I2CIE = 0x6c
                0x000000000000006d                __UCB0STAT = 0x6d
                0x000000000000006e                __UCB0RXBUF = 0x6e
                0x000000000000006f                __UCB0TXBUF = 0x6f
                0x0000000000000118                __UCB0I2COA = 0x118
                0x000000000000011a                __UCB0I2CSA = 0x11a
                0x00000000000000d0                __UCA1CTL0 = 0xd0
                0x00000000000000d1                __UCA1CTL1 = 0xd1
                0x00000000000000d2                __UCA1BR0 = 0xd2
                0x00000000000000d3                __UCA1BR1 = 0xd3
                0x00000000000000d4                __UCA1MCTL = 0xd4
                0x00000000000000d5                __UCA1STAT = 0xd5
                0x00000000000000d6                __UCA1RXBUF = 0xd6
                0x00000000000000d7                __UCA1TXBUF = 0xd7
                0x00000000000000cd                __UCA1ABCTL = 0xcd
                0x00000000000000ce                __UCA1IRTCTL = 0xce
                0x00000000000000cf                __UCA1IRRCTL = 0xcf
                0x00000000000000d8                __UCB1CTL0 = 0xd8
                0x00000000000000d9                __UCB1CTL1 = 0xd9
                0x00000000000000da                __UCB1BR0 = 0xda
                0x00000000000000db                __UCB1BR1 = 0xdb
                0x00000000000000dc                __UCB1I2CIE = 0xdc
                0x00000000000000dd                __UCB1STAT = 0xdd
                0x00000000000000de                __UCB1RXBUF = 0xde
                0x00000000000000df                __UCB1TXBUF = 0xdf
                0x000000000000017c                __UCB1I2COA = 0x17c
                0x000000000000017e                __UCB1I2CSA = 0x17e
                0x0000000000000120                __WDTCTL = 0x120
                0x00000000000010c0                __TLV_CHECKSUM = 0x10c0
                0x00000000000010f6                __TLV_DCO_30_TAG = 0x10f6
                0x00000000000010f7                __TLV_DCO_30_LEN = 0x10f7
                0x00000000000010da                __TLV_ADC12_1_TAG = 0x10da
                0x00000000000010db                __TLV_ADC12_1_LEN = 0x10db
                0x00000000000010f8                __CALDCO_16MHZ = 0x10f8
                0x00000000000010f9                __CALBC1_16MHZ = 0x10f9
                0x00000000000010fa                __CALDCO_12MHZ = 0x10fa
                0x00000000000010fb                __CALBC1_12MHZ = 0x10fb
                0x00000000000010fc                __CALDCO_8MHZ = 0x10fc
                0x00000000000010fd                __CALBC1_8MHZ = 0x10fd
                0x00000000000010fe                __CALDCO_1MHZ = 0x10fe
                0x00000000000010ff                __CALBC1_1MHZ = 0x10ff

.hash
 *(.hash)

.dynsym
 *(.dynsym)

.dynstr
 *(.dynstr)

.gnu.version
 *(.gnu.version)

.gnu.version_d
 *(.gnu.version_d)

.gnu.version_r
 *(.gnu.version_r)

.rel.init
 *(.rel.init)

.rela.init
 *(.rela.init)

.rel.fini
 *(.rel.fini)

.rela.fini
 *(.rela.fini)

.rel.text
 *(.rel.text .rel.text.* .rel.gnu.linkonce.t.*)

.rela.text
 *(.rela.text .rela.text.* .rela.gnu.linkonce.t.*)

.rel.rodata
 *(.rel.rodata .rel.rodata.* .rel.gnu.linkonce.r.*)

.rela.rodata
 *(.rela.rodata .rela.rodata.* .rela.gnu.linkonce.r.*)

.rel.data
 *(.rel.data .rel.data.* .rel.gnu.linkonce.d.*)

.rela.data
 *(.rela.data .rela.data.* .rela.gnu.linkonce.d.*)

.rel.bss
 *(.rel.bss .rel.bss.* .rel.gnu.linkonce.b.*)

.rela.bss
 *(.rela.bss .rela.bss.* .rela.gnu.linkonce.b.*)

.rel.ctors
 *(.rel.ctors)

.rela.ctors
 *(.rela.ctors)

.rel.dtors
 *(.rel.dtors)

.rela.dtors
 *(.rela.dtors)

.rel.got
 *(.rel.got)

.rela.got
 *(.rela.got)

.rel.plt
 *(.rel.plt)

.rela.plt
 *(.rela.plt)

.text           0x0000000000003100     0xafe4
                0x0000000000003100                . = ALIGN (0x2)
 *(.init .init.*)
 *(.init0)
 .init0         0x0000000000003100        0x0 /usr/lib/gcc/msp430/4.6.3/mcpu-430x/mmpy-16/libcrt0.a(_reset_vector__.o)
                0x0000000000003100                _reset_vector__
 *(.init1)
 .init1         0x0000000000003100        0xc /usr/lib/gcc/msp430/4.6.3/mcpu-430x/mmpy-16/libcrt0.a(__watchdog_support.o)
                0x0000000000003100                __watchdog_support
 *(.init2)
 .init2         0x000000000000310c        0x4 /usr/lib/gcc/msp430/4.6.3/mcpu-430x/mmpy-16/libcrt0.a(__init_stack.o)
                0x000000000000310c                __init_stack
 *(.init3)
 .init3         0x0000000000003110        0x0 /usr/lib/gcc/msp430/4.6.3/mcpu-430x/mmpy-16/libcrt0.a(__low_level_init.o)
                0x0000000000003110                __low_level_init
 *(.init4)
 .init4         0x0000000000003110       0x18 /usr/lib/gcc/msp430/4.6.3/mcpu-430x/mmpy-16/libcrt0.a(_copy_data.o)
                0x0000000000003110                __do_copy_data
 .init4         0x0000000000003128       0x16 /usr/lib/gcc/msp430/4.6.3/mcpu-430x/mmpy-16/libcrt0.a(_clear_bss.o)
                0x0000000000003128                __do_clear_bss
 *(.init5)
 *(.init6)
 *(.init7)
 *(.init8)
 *(.init9)
 .init9         0x000000000000313e      0x350 obj_z1/contiki-z1-main.o
                0x000000000000313e                main
 *(.fini9)
 .fini9         0x000000000000348e        0x0 /usr/lib/gcc/msp430/4.6.3/mcpu-430x/mmpy-16/libcrt0.a(__stop_progExec__.o)
                0x000000000000348e                __stop_progExec__
 *(.fini8)
 *(.fini7)
 *(.fini6)
 *(.fini5)
 *(.fini4)
 *(.fini3)
 *(.fini2)
 *(.fini1)
 *(.fini0)
 .fini0         0x000000000000348e        0x6 /usr/lib/gcc/msp430/4.6.3/mcpu-430x/mmpy-16/libcrt0.a(_endless_loop__.o)
                0x000000000000348e                _endless_loop__
 *(.fini .fini.*)
                0x0000000000003494                . = ALIGN (0x2)
                0x0000000000003494                __ctors_start = .
 *(.ctors)
                0x0000000000003494                __ctors_end = .
                0x0000000000003494                __dtors_start = .
 *(.dtors)
                0x0000000000003494                __dtors_end = .
                0x0000000000003494                . = ALIGN (0x2)
 *(.text .text.* .gnu.linkonce.t.*)
 .text          0x0000000000003494        0x4 /usr/lib/gcc/msp430/4.6.3/mcpu-430x/mmpy-16/crt0ivtbl32.o
                0x0000000000003494                __isr_14
                0x0000000000003494                __isr_4
                0x0000000000003494                __isr_29
                0x0000000000003494                __isr_11
                0x0000000000003494                __isr_5
                0x0000000000003494                __isr_2
                0x0000000000003494                __isr_10
                0x0000000000003494                __isr_7
                0x0000000000003494                __isr_0
                0x0000000000003494                __isr_28
                0x0000000000003494                __isr_8
                0x0000000000003494                __isr_20
                0x0000000000003494                __isr_3
                0x0000000000003494                __isr_12
                0x0000000000003494                __isr_13
                0x0000000000003494                __isr_27
                0x0000000000003494                __isr_9
                0x0000000000003494                __isr_30
                0x0000000000003494                __isr_6
                0x0000000000003494                __isr_22
                0x0000000000003494                __isr_1
                0x0000000000003494                __isr_15
                0x0000000000003494                __isr_21
 .text.mqtt_sn_callback
                0x0000000000003498       0x24 main_core.co
                0x0000000000003498                mqtt_sn_callback
 .text.init_broker
                0x00000000000034bc       0xe2 main_core.co
                0x00000000000034bc                init_broker
 .text.process_thread_init_system_process
                0x000000000000359e       0x80 main_core.co
 .text.unlock_tasks
                0x000000000000361e        0xe obj_z1/mqtt_sn.o
                0x000000000000361e                unlock_tasks
 .text.parse_mqtt_type_string
                0x000000000000362c       0x68 obj_z1/mqtt_sn.o
                0x000000000000362c                parse_mqtt_type_string
 .text.mqtt_sn_get_qos_flag
                0x0000000000003694       0x12 obj_z1/mqtt_sn.o
                0x0000000000003694                mqtt_sn_get_qos_flag
 .text.verf_hist_sub
                0x00000000000036a6       0x46 obj_z1/mqtt_sn.o
                0x00000000000036a6                verf_hist_sub
 .text.verf_register
                0x00000000000036ec       0x26 obj_z1/mqtt_sn.o
                0x00000000000036ec                verf_register
 .text.mqtt_sn_will_topic_send
                0x0000000000003712       0x62 obj_z1/mqtt_sn.o
                0x0000000000003712                mqtt_sn_will_topic_send
 .text.mqtt_sn_will_message_send
                0x0000000000003774       0x5c obj_z1/mqtt_sn.o
                0x0000000000003774                mqtt_sn_will_message_send
 .text.mqtt_sn_ping_send
                0x00000000000037d0       0x68 obj_z1/mqtt_sn.o
                0x00000000000037d0                mqtt_sn_ping_send
 .text.timeout_ping_mqtt
                0x0000000000003838       0x50 obj_z1/mqtt_sn.o
                0x0000000000003838                timeout_ping_mqtt
 .text.mqtt_sn_con_send
                0x0000000000003888       0x90 obj_z1/mqtt_sn.o
                0x0000000000003888                mqtt_sn_con_send
 .text.mqtt_sn_reg_send
                0x0000000000003918       0x9c obj_z1/mqtt_sn.o
                0x0000000000003918                mqtt_sn_reg_send
 .text.mqtt_sn_regack_send
                0x00000000000039b4       0x40 obj_z1/mqtt_sn.o
                0x00000000000039b4                mqtt_sn_regack_send
 .text.mqtt_sn_pub_send
                0x00000000000039f4       0xc6 obj_z1/mqtt_sn.o
                0x00000000000039f4                mqtt_sn_pub_send
 .text.mqtt_sn_pub
                0x0000000000003aba       0x32 obj_z1/mqtt_sn.o
                0x0000000000003aba                mqtt_sn_pub
 .text.mqtt_sn_sub_send
                0x0000000000003aec       0x7c obj_z1/mqtt_sn.o
                0x0000000000003aec                mqtt_sn_sub_send
 .text.timeout_con
                0x0000000000003b68       0xb6 obj_z1/mqtt_sn.o
                0x0000000000003b68                timeout_con
 .text.mqtt_sn_sub_send_wildcard
                0x0000000000003c1e       0x84 obj_z1/mqtt_sn.o
                0x0000000000003c1e                mqtt_sn_sub_send_wildcard
 .text.mqtt_sn_insert_queue
                0x0000000000003ca2       0xa0 obj_z1/mqtt_sn.o
                0x0000000000003ca2                mqtt_sn_insert_queue
 .text.mqtt_sn_sub_wildcard
                0x0000000000003d42       0x36 obj_z1/mqtt_sn.o
                0x0000000000003d42                mqtt_sn_sub_wildcard
 .text.mqtt_sn_sub
                0x0000000000003d78       0x98 obj_z1/mqtt_sn.o
                0x0000000000003d78                mqtt_sn_sub
 .text.mqtt_sn_delete_queue
                0x0000000000003e10       0x82 obj_z1/mqtt_sn.o
                0x0000000000003e10                mqtt_sn_delete_queue
 .text.mqtt_sn_check_empty
                0x0000000000003e92        0xc obj_z1/mqtt_sn.o
                0x0000000000003e92                mqtt_sn_check_empty
 .text.init_vectors
                0x0000000000003e9e       0x2c obj_z1/mqtt_sn.o
                0x0000000000003e9e                init_vectors
 .text.mqtt_sn_recv_parser
                0x0000000000003eca      0x1d4 obj_z1/mqtt_sn.o
                0x0000000000003eca                mqtt_sn_recv_parser
 .text.mqtt_sn_udp_rec_cb
                0x000000000000409e        0xa obj_z1/mqtt_sn.o
                0x000000000000409e                mqtt_sn_udp_rec_cb
 .text.mqtt_sn_create_sck
                0x00000000000040a8      0x1d4 obj_z1/mqtt_sn.o
                0x00000000000040a8                mqtt_sn_create_sck
 .text.process_thread_mqtt_sn_main
                0x000000000000427c      0x326 obj_z1/mqtt_sn.o
 .text.mqtt_sn_init
                0x00000000000045a2       0x70 obj_z1/mqtt_sn.o
                0x00000000000045a2                mqtt_sn_init
 .text.powertrace_print
                0x0000000000004612      0x106 obj_z1/powertrace.o
                0x0000000000004612                powertrace_print
 .text.process_thread_powertrace_process
                0x0000000000004718       0x5c obj_z1/powertrace.o
 .text.powertrace_start
                0x0000000000004774       0x18 obj_z1/powertrace.o
                0x0000000000004774                powertrace_start
 .text.init_platform
                0x000000000000478c        0xc contiki-z1.a(contiki-z1-plat)
                0x000000000000478c                init_platform
 .text.msp430_init_dco
                0x0000000000004798       0x28 contiki-z1.a(msp430.o)
                0x0000000000004798                msp430_init_dco
 .text.splhigh_
                0x00000000000047c0        0x8 contiki-z1.a(msp430.o)
                0x00000000000047c0                splhigh_
 .text.msp430_sync_dco
                0x00000000000047c8       0x72 contiki-z1.a(msp430.o)
                0x00000000000047c8                msp430_sync_dco
 .text.msp430_cpu_init
                0x000000000000483a       0x2e contiki-z1.a(msp430.o)
                0x000000000000483a                msp430_cpu_init
 .text.show_leds
                0x0000000000004868       0xee contiki-z1.a(leds.o)
 .text.leds_init
                0x0000000000004956        0xa contiki-z1.a(leds.o)
                0x0000000000004956                leds_init
 .text.leds_on  0x0000000000004960        0xa contiki-z1.a(leds.o)
                0x0000000000004960                leds_on
 .text.leds_off
                0x000000000000496a        0xe contiki-z1.a(leds.o)
                0x000000000000496a                leds_off
 .text.watchdog_interrupt
                0x0000000000004978        0x6 contiki-z1.a(watchdog.o)
                0x0000000000004978                __isr_26
                0x0000000000004978                watchdog_interrupt
 .text.watchdog_start
                0x000000000000497e       0x14 contiki-z1.a(watchdog.o)
                0x000000000000497e                watchdog_start
 .text.watchdog_periodic
                0x0000000000004992       0x12 contiki-z1.a(watchdog.o)
                0x0000000000004992                watchdog_periodic
 .text.watchdog_stop
                0x00000000000049a4       0x16 contiki-z1.a(watchdog.o)
                0x00000000000049a4                watchdog_stop
 .text.watchdog_init
                0x00000000000049ba       0x14 contiki-z1.a(watchdog.o)
                0x00000000000049ba                watchdog_init
 .text.wait_ready
                0x00000000000049ce       0x4e contiki-z1.a(xmem.o)
 .text.xmem_init
                0x0000000000004a1c       0x1e contiki-z1.a(xmem.o)
                0x0000000000004a1c                xmem_init
 .text.xmem_pread
                0x0000000000004a3a       0xd0 contiki-z1.a(xmem.o)
                0x0000000000004a3a                xmem_pread
 .text.spi_init
                0x0000000000004b0a       0x38 contiki-z1.a(spi.o)
                0x0000000000004b0a                spi_init
 .text.get_object
                0x0000000000004b42        0x4 contiki-z1.a(cc2420.o)
 .text.set_object
                0x0000000000004b46        0x4 contiki-z1.a(cc2420.o)
 .text.strobe   0x0000000000004b4a       0x20 contiki-z1.a(cc2420.o)
 .text.getreg   0x0000000000004b6a       0x50 contiki-z1.a(cc2420.o)
 .text.setreg   0x0000000000004bba       0x52 contiki-z1.a(cc2420.o)
 .text.write_ram
                0x0000000000004c0c       0x7e contiki-z1.a(cc2420.o)
 .text.write_fifo_buf
                0x0000000000004c8a       0x40 contiki-z1.a(cc2420.o)
 .text.get_status
                0x0000000000004cca       0x24 contiki-z1.a(cc2420.o)
 .text.set_txpower
                0x0000000000004cee       0x26 contiki-z1.a(cc2420.o)
 .text.cc2420_receiving_packet
                0x0000000000004d14        0xe contiki-z1.a(cc2420.o)
 .text.pending_packet
                0x0000000000004d22        0xe contiki-z1.a(cc2420.o)
 .text.on       0x0000000000004d30       0x26 contiki-z1.a(cc2420.o)
 .text.wait_for_transmission
                0x0000000000004d56       0x22 contiki-z1.a(cc2420.o)
 .text.wait_for_status
                0x0000000000004d78       0x26 contiki-z1.a(cc2420.o)
 .text.getrxdata
                0x0000000000004d9e       0x54 contiki-z1.a(cc2420.o)
 .text.flushrx  0x0000000000004df2       0x1a contiki-z1.a(cc2420.o)
 .text.off      0x0000000000004e0c       0x5e contiki-z1.a(cc2420.o)
 .text.RELEASE_LOCK
                0x0000000000004e6a       0x28 contiki-z1.a(cc2420.o)
 .text.set_key  0x0000000000004e92       0x18 contiki-z1.a(cc2420.o)
 .text.set_frame_filtering
                0x0000000000004eaa       0x30 contiki-z1.a(cc2420.o)
 .text.set_auto_ack
                0x0000000000004eda       0x30 contiki-z1.a(cc2420.o)
 .text.set_poll_mode
                0x0000000000004f0a       0x36 contiki-z1.a(cc2420.o)
 .text.cc2420_prepare
                0x0000000000004f40       0x38 contiki-z1.a(cc2420.o)
 .text.cc2420_on
                0x0000000000004f78       0x22 contiki-z1.a(cc2420.o)
                0x0000000000004f78                cc2420_on
 .text.cc2420_off
                0x0000000000004f9a       0x30 contiki-z1.a(cc2420.o)
                0x0000000000004f9a                cc2420_off
 .text.cc2420_cca
                0x0000000000004fca       0x5a contiki-z1.a(cc2420.o)
 .text.cc2420_read
                0x0000000000005024       0xbc contiki-z1.a(cc2420.o)
 .text.process_thread_cc2420_process
                0x00000000000050e0       0x58 contiki-z1.a(cc2420.o)
 .text.encrypt  0x0000000000005138       0x8c contiki-z1.a(cc2420.o)
 .text.cc2420_set_channel
                0x00000000000051c4       0x3a contiki-z1.a(cc2420.o)
                0x00000000000051c4                cc2420_set_channel
 .text.cc2420_set_pan_addr
                0x00000000000051fe       0x4c contiki-z1.a(cc2420.o)
                0x00000000000051fe                cc2420_set_pan_addr
 .text.cc2420_interrupt
                0x000000000000524a       0x18 contiki-z1.a(cc2420.o)
                0x000000000000524a                cc2420_interrupt
 .text.cc2420_set_txpower
                0x0000000000005262        0xe contiki-z1.a(cc2420.o)
                0x0000000000005262                cc2420_set_txpower
 .text.cc2420_get_txpower
                0x0000000000005270       0x1e contiki-z1.a(cc2420.o)
                0x0000000000005270                cc2420_get_txpower
 .text.cc2420_transmit
                0x000000000000528e      0x10c contiki-z1.a(cc2420.o)
 .text.cc2420_send
                0x000000000000539a       0x12 contiki-z1.a(cc2420.o)
 .text.cc2420_rssi
                0x00000000000053ac       0x48 contiki-z1.a(cc2420.o)
                0x00000000000053ac                cc2420_rssi
 .text.get_value
                0x00000000000053f4      0x102 contiki-z1.a(cc2420.o)
 .text.cc2420_set_cca_threshold
                0x00000000000054f6       0x16 contiki-z1.a(cc2420.o)
                0x00000000000054f6                cc2420_set_cca_threshold
 .text.set_value
                0x000000000000550c       0xb4 contiki-z1.a(cc2420.o)
 .text.cc2420_init
                0x00000000000055c0       0xf0 contiki-z1.a(cc2420.o)
                0x00000000000055c0                cc2420_init
 .text.cc2420_arch_init
                0x00000000000056b0       0x1a contiki-z1.a(cc2420-arch.o)
                0x00000000000056b0                cc2420_arch_init
 .text.node_id_restore
                0x00000000000056ca       0x4c contiki-z1.a(node-id.o)
                0x00000000000056ca                node_id_restore
 .text.process_thread_sensors_process
                0x0000000000005716       0xbe contiki-z1.a(sensors.o)
 .text.sensors_changed
                0x00000000000057d4       0x2a contiki-z1.a(sensors.o)
                0x00000000000057d4                sensors_changed
 .text.uart0_active
                0x00000000000057fe        0xe contiki-z1.a(uart0.o)
                0x00000000000057fe                uart0_active
 .text.uart0_writeb
                0x000000000000580c       0x18 contiki-z1.a(uart0.o)
                0x000000000000580c                uart0_writeb
 .text.uart0_init
                0x0000000000005824       0x54 contiki-z1.a(uart0.o)
                0x0000000000005824                uart0_init
 .text.uart0_rx_interrupt
                0x0000000000005878       0x66 contiki-z1.a(uart0.o)
                0x0000000000005878                __isr_23
                0x0000000000005878                uart0_rx_interrupt
 .text.putchar  0x00000000000058de       0x10 contiki-z1.a(uart0-putchar.o)
                0x00000000000058de                putchar
 .text.status   0x00000000000058ee       0x12 contiki-z1.a(adxl345.o)
 .text.accm_write_reg
                0x0000000000005900       0x2e contiki-z1.a(adxl345.o)
 .text.accm_write_stream
                0x000000000000592e       0x2a contiki-z1.a(adxl345.o)
 .text.accm_read_reg
                0x0000000000005958       0x54 contiki-z1.a(adxl345.o)
 .text.process_thread_accmeter_process
                0x00000000000059ac       0x56 contiki-z1.a(adxl345.o)
 .text.accm_read_axis
                0x0000000000005a02       0x66 contiki-z1.a(adxl345.o)
                0x0000000000005a02                accm_read_axis
 .text.value    0x0000000000005a68       0x20 contiki-z1.a(adxl345.o)
 .text.accm_init
                0x0000000000005a88       0x76 contiki-z1.a(adxl345.o)
                0x0000000000005a88                accm_init
 .text.accm_stop
                0x0000000000005afe       0x32 contiki-z1.a(adxl345.o)
                0x0000000000005afe                accm_stop
 .text.configure
                0x0000000000005b30       0x26 contiki-z1.a(adxl345.o)
 .text.port1_isr
                0x0000000000005b56       0xc4 contiki-z1.a(adxl345.o)
                0x0000000000005b56                port1_isr
                0x0000000000005b56                __isr_18
 .text.status   0x0000000000005c1a       0x12 contiki-z1.a(tmp102.o)
 .text.tmp102_init
                0x0000000000005c2c       0x24 contiki-z1.a(tmp102.o)
                0x0000000000005c2c                tmp102_init
 .text.tmp102_stop
                0x0000000000005c50        0xc contiki-z1.a(tmp102.o)
                0x0000000000005c50                tmp102_stop
 .text.configure
                0x0000000000005c5c       0x26 contiki-z1.a(tmp102.o)
 .text.tmp102_read_reg
                0x0000000000005c82       0x60 contiki-z1.a(tmp102.o)
                0x0000000000005c82                tmp102_read_reg
 .text.tmp102_read_temp_x100
                0x0000000000005ce2       0x56 contiki-z1.a(tmp102.o)
                0x0000000000005ce2                tmp102_read_temp_x100
 .text.value    0x0000000000005d38        0x6 contiki-z1.a(tmp102.o)
 .text.timera1  0x0000000000005d3e      0x10a contiki-z1.a(clock.o)
                0x0000000000005d3e                __isr_24
                0x0000000000005d3e                timera1
 .text.clock_time
                0x0000000000005e48       0x1a contiki-z1.a(clock.o)
                0x0000000000005e48                clock_time
 .text.clock_init
                0x0000000000005e62       0x28 contiki-z1.a(clock.o)
                0x0000000000005e62                clock_init
 .text.clock_delay
                0x0000000000005e8a        0xc contiki-z1.a(clock.o)
                0x0000000000005e8a                clock_delay
 .text.clock_wait
                0x0000000000005e96       0x28 contiki-z1.a(clock.o)
                0x0000000000005e96                clock_wait
 .text.clock_seconds
                0x0000000000005ebe       0x1a contiki-z1.a(clock.o)
                0x0000000000005ebe                clock_seconds
 .text.leds_arch_init
                0x0000000000005ed8        0xe contiki-z1.a(leds-arch.o)
                0x0000000000005ed8                leds_arch_init
 .text.leds_arch_set
                0x0000000000005ee6       0x3a contiki-z1.a(leds-arch.o)
                0x0000000000005ee6                leds_arch_set
 .text.rtimer_arch_init
                0x0000000000005f20        0xe contiki-z1.a(rtimer-arch.o)
                0x0000000000005f20                rtimer_arch_init
 .text.rtimer_arch_now
                0x0000000000005f2e        0xe contiki-z1.a(rtimer-arch.o)
                0x0000000000005f2e                rtimer_arch_now
 .text.timera0  0x0000000000005f3c       0x5c contiki-z1.a(rtimer-arch.o)
                0x0000000000005f3c                __isr_25
                0x0000000000005f3c                timera0
 .text.rtimer_arch_schedule
                0x0000000000005f98        0x6 contiki-z1.a(rtimer-arch.o)
                0x0000000000005f98                rtimer_arch_schedule
 .text.autostart_start
                0x0000000000005f9e       0x16 contiki-z1.a(autostart.o)
                0x0000000000005f9e                autostart_start
 .text.energest_init
                0x0000000000005fb4       0x28 contiki-z1.a(energest.o)
                0x0000000000005fb4                energest_init
 .text.energest_type_time
                0x0000000000005fdc       0x3c contiki-z1.a(energest.o)
                0x0000000000005fdc                energest_type_time
 .text.energest_type_set
                0x0000000000006018        0xc contiki-z1.a(energest.o)
                0x0000000000006018                energest_type_set
 .text.energest_flush
                0x0000000000006024       0x38 contiki-z1.a(energest.o)
                0x0000000000006024                energest_flush
 .text.update_time
                0x000000000000605c       0x70 contiki-z1.a(etimer.o)
 .text.etimer_request_poll
                0x00000000000060cc        0xa contiki-z1.a(etimer.o)
                0x00000000000060cc                etimer_request_poll
 .text.process_thread_etimer_process
                0x00000000000060d6       0xc0 contiki-z1.a(etimer.o)
 .text.add_timer
                0x0000000000006196       0x40 contiki-z1.a(etimer.o)
 .text.etimer_set
                0x00000000000061d6       0x12 contiki-z1.a(etimer.o)
                0x00000000000061d6                etimer_set
 .text.etimer_reset
                0x00000000000061e8       0x12 contiki-z1.a(etimer.o)
                0x00000000000061e8                etimer_reset
 .text.etimer_restart
                0x00000000000061fa       0x12 contiki-z1.a(etimer.o)
                0x00000000000061fa                etimer_restart
 .text.etimer_expired
                0x000000000000620c        0xe contiki-z1.a(etimer.o)
                0x000000000000620c                etimer_expired
 .text.etimer_expiration_time
                0x000000000000621a       0x14 contiki-z1.a(etimer.o)
                0x000000000000621a                etimer_expiration_time
 .text.etimer_pending
                0x000000000000622e        0xc contiki-z1.a(etimer.o)
                0x000000000000622e                etimer_pending
 .text.etimer_next_expiration_time
                0x000000000000623a       0x16 contiki-z1.a(etimer.o)
                0x000000000000623a                etimer_next_expiration_time
 .text.etimer_stop
                0x0000000000006250       0x3c contiki-z1.a(etimer.o)
                0x0000000000006250                etimer_stop
 .text.process_thread_ctimer_process
                0x000000000000628c       0x9c contiki-z1.a(ctimer.o)
 .text.ctimer_init
                0x0000000000006328       0x18 contiki-z1.a(ctimer.o)
                0x0000000000006328                ctimer_init
 .text.ctimer_set_with_process
                0x0000000000006340       0x4e contiki-z1.a(ctimer.o)
                0x0000000000006340                ctimer_set_with_process
 .text.ctimer_set
                0x000000000000638e       0x10 contiki-z1.a(ctimer.o)
                0x000000000000638e                ctimer_set
 .text.ctimer_reset
                0x000000000000639e       0x2c contiki-z1.a(ctimer.o)
                0x000000000000639e                ctimer_reset
 .text.ctimer_restart
                0x00000000000063ca       0x2c contiki-z1.a(ctimer.o)
                0x00000000000063ca                ctimer_restart
 .text.ctimer_stop
                0x00000000000063f6       0x28 contiki-z1.a(ctimer.o)
                0x00000000000063f6                ctimer_stop
 .text.call_process
                0x000000000000641e       0x46 contiki-z1.a(process.o)
 .text.exit_process
                0x0000000000006464       0x8a contiki-z1.a(process.o)
 .text.do_poll  0x00000000000064ee       0x30 contiki-z1.a(process.o)
 .text.process_alloc_event
                0x000000000000651e        0xe contiki-z1.a(process.o)
                0x000000000000651e                process_alloc_event
 .text.process_init
                0x000000000000652c       0x1c contiki-z1.a(process.o)
                0x000000000000652c                process_init
 .text.process_run
                0x0000000000006548       0x8c contiki-z1.a(process.o)
                0x0000000000006548                process_run
 .text.process_nevents
                0x00000000000065d4        0xe contiki-z1.a(process.o)
                0x00000000000065d4                process_nevents
 .text.process_post
                0x00000000000065e2       0x4a contiki-z1.a(process.o)
                0x00000000000065e2                process_post
 .text.process_post_synch
                0x000000000000662c       0x12 contiki-z1.a(process.o)
                0x000000000000662c                process_post_synch
 .text.process_start
                0x000000000000663e       0x32 contiki-z1.a(process.o)
                0x000000000000663e                process_start
 .text.process_poll
                0x0000000000006670       0x18 contiki-z1.a(process.o)
                0x0000000000006670                process_poll
 .text.rtimer_init
                0x0000000000006688        0x6 contiki-z1.a(rtimer.o)
                0x0000000000006688                rtimer_init
 .text.rtimer_run_next
                0x000000000000668e       0x26 contiki-z1.a(rtimer.o)
                0x000000000000668e                rtimer_run_next
 .text.timer_set
                0x00000000000066b4       0x1c contiki-z1.a(timer.o)
                0x00000000000066b4                timer_set
 .text.timer_reset
                0x00000000000066d0        0xe contiki-z1.a(timer.o)
                0x00000000000066d0                timer_reset
 .text.timer_restart
                0x00000000000066de       0x14 contiki-z1.a(timer.o)
                0x00000000000066de                timer_restart
 .text.timer_expired
                0x00000000000066f2       0x2a contiki-z1.a(timer.o)
                0x00000000000066f2                timer_expired
 .text.list_init
                0x000000000000671c        0x6 contiki-z1.a(list.o)
                0x000000000000671c                list_init
 .text.list_head
                0x0000000000006722        0x4 contiki-z1.a(list.o)
                0x0000000000006722                list_head
 .text.list_tail
                0x0000000000006726       0x12 contiki-z1.a(list.o)
                0x0000000000006726                list_tail
 .text.list_remove
                0x0000000000006738       0x34 contiki-z1.a(list.o)
                0x0000000000006738                list_remove
 .text.list_push
                0x000000000000676c       0x16 contiki-z1.a(list.o)
                0x000000000000676c                list_push
 .text.list_add
                0x0000000000006782       0x26 contiki-z1.a(list.o)
                0x0000000000006782                list_add
 .text.list_length
                0x00000000000067a8       0x10 contiki-z1.a(list.o)
                0x00000000000067a8                list_length
 .text.list_item_next
                0x00000000000067b8        0xc contiki-z1.a(list.o)
                0x00000000000067b8                list_item_next
 .text.random_init
                0x00000000000067c4        0x6 contiki-z1.a(random.o)
                0x00000000000067c4                random_init
 .text.random_rand
                0x00000000000067ca        0x6 contiki-z1.a(random.o)
                0x00000000000067ca                random_rand
 .text.uip_ds6_list_loop
                0x00000000000067d0       0x66 contiki-z1.a(uip-ds6.o)
                0x00000000000067d0                uip_ds6_list_loop
 .text.uip_ds6_prefix_add
                0x0000000000006836       0x70 contiki-z1.a(uip-ds6.o)
                0x0000000000006836                uip_ds6_prefix_add
 .text.uip_ds6_is_addr_onlink
                0x00000000000068a6       0x42 contiki-z1.a(uip-ds6.o)
                0x00000000000068a6                uip_ds6_is_addr_onlink
 .text.uip_ds6_addr_lookup
                0x00000000000068e8       0x2a contiki-z1.a(uip-ds6.o)
                0x00000000000068e8                uip_ds6_addr_lookup
 .text.uip_ds6_get_link_local
                0x0000000000006912       0x3e contiki-z1.a(uip-ds6.o)
                0x0000000000006912                uip_ds6_get_link_local
 .text.uip_ds6_maddr_add
                0x0000000000006950       0x48 contiki-z1.a(uip-ds6.o)
                0x0000000000006950                uip_ds6_maddr_add
 .text.uip_ds6_addr_add
                0x0000000000006998       0xb4 contiki-z1.a(uip-ds6.o)
                0x0000000000006998                uip_ds6_addr_add
 .text.uip_ds6_maddr_lookup
                0x0000000000006a4c       0x2a contiki-z1.a(uip-ds6.o)
                0x0000000000006a4c                uip_ds6_maddr_lookup
 .text.uip_ds6_addr_rm
                0x0000000000006a76       0x54 contiki-z1.a(uip-ds6.o)
                0x0000000000006a76                uip_ds6_addr_rm
 .text.uip_ds6_periodic
                0x0000000000006aca       0x46 contiki-z1.a(uip-ds6.o)
                0x0000000000006aca                uip_ds6_periodic
 .text.uip_ds6_set_addr_iid
                0x0000000000006b10       0x14 contiki-z1.a(uip-ds6.o)
                0x0000000000006b10                uip_ds6_set_addr_iid
 .text.get_match_length
                0x0000000000006b24       0x3a contiki-z1.a(uip-ds6.o)
                0x0000000000006b24                get_match_length
 .text.uip_ds6_select_src
                0x0000000000006b5e       0x9a contiki-z1.a(uip-ds6.o)
                0x0000000000006b5e                uip_ds6_select_src
 .text.uip_ds6_compute_reachable_time
                0x0000000000006bf8       0x36 contiki-z1.a(uip-ds6.o)
                0x0000000000006bf8                uip_ds6_compute_reachable_time
 .text.uip_ds6_init
                0x0000000000006c2e      0x138 contiki-z1.a(uip-ds6.o)
                0x0000000000006c2e                uip_ds6_init
 .text.call_route_callback
                0x0000000000006d66       0x40 contiki-z1.a(uip-ds6-route.o)
 .text.uip_ds6_route_init
                0x0000000000006da6       0x36 contiki-z1.a(uip-ds6-route.o)
                0x0000000000006da6                uip_ds6_route_init
 .text.uip_ds6_route_nexthop
                0x0000000000006ddc       0x1a contiki-z1.a(uip-ds6-route.o)
                0x0000000000006ddc                uip_ds6_route_nexthop
 .text.uip_ds6_route_head
                0x0000000000006df6        0xa contiki-z1.a(uip-ds6-route.o)
                0x0000000000006df6                uip_ds6_route_head
 .text.uip_ds6_route_next
                0x0000000000006e00        0xe contiki-z1.a(uip-ds6-route.o)
                0x0000000000006e00                uip_ds6_route_next
 .text.uip_ds6_route_is_nexthop
                0x0000000000006e0e       0x1e contiki-z1.a(uip-ds6-route.o)
                0x0000000000006e0e                uip_ds6_route_is_nexthop
 .text.uip_ds6_route_lookup
                0x0000000000006e2c       0x6e contiki-z1.a(uip-ds6-route.o)
                0x0000000000006e2c                uip_ds6_route_lookup
 .text.uip_ds6_route_rm
                0x0000000000006e9a       0xa0 contiki-z1.a(uip-ds6-route.o)
                0x0000000000006e9a                uip_ds6_route_rm
 .text.rm_routelist
                0x0000000000006f3a       0x34 contiki-z1.a(uip-ds6-route.o)
 .text.rm_routelist_callback
                0x0000000000006f6e        0x6 contiki-z1.a(uip-ds6-route.o)
 .text.uip_ds6_route_add
                0x0000000000006f74       0xfc contiki-z1.a(uip-ds6-route.o)
                0x0000000000006f74                uip_ds6_route_add
 .text.uip_ds6_defrt_rm
                0x0000000000007070       0x44 contiki-z1.a(uip-ds6-route.o)
                0x0000000000007070                uip_ds6_defrt_rm
 .text.uip_ds6_defrt_lookup
                0x00000000000070b4       0x32 contiki-z1.a(uip-ds6-route.o)
                0x00000000000070b4                uip_ds6_defrt_lookup
 .text.uip_ds6_defrt_add
                0x00000000000070e6       0x68 contiki-z1.a(uip-ds6-route.o)
                0x00000000000070e6                uip_ds6_defrt_add
 .text.uip_ds6_defrt_choose
                0x000000000000714e       0x36 contiki-z1.a(uip-ds6-route.o)
                0x000000000000714e                uip_ds6_defrt_choose
 .text.uip_ds6_defrt_periodic
                0x0000000000007184       0x38 contiki-z1.a(uip-ds6-route.o)
                0x0000000000007184                uip_ds6_defrt_periodic
 .text.chksum   0x00000000000071bc       0x32 contiki-z1.a(uip6.o)
 .text.upper_layer_chksum
                0x00000000000071ee       0x56 contiki-z1.a(uip6.o)
 .text.ext_hdr_options_process
                0x0000000000007244       0xcc contiki-z1.a(uip6.o)
 .text.uip_icmp6chksum
                0x0000000000007310        0xa contiki-z1.a(uip6.o)
                0x0000000000007310                uip_icmp6chksum
 .text.uip_udpchksum
                0x000000000000731a        0xa contiki-z1.a(uip6.o)
                0x000000000000731a                uip_udpchksum
 .text.uip_init
                0x0000000000007324       0x26 contiki-z1.a(uip6.o)
                0x0000000000007324                uip_init
 .text.remove_ext_hdr
                0x000000000000734a       0x52 contiki-z1.a(uip6.o)
                0x000000000000734a                remove_ext_hdr
 .text.uip_udp_new
                0x000000000000739c       0xa0 contiki-z1.a(uip6.o)
                0x000000000000739c                uip_udp_new
 .text.uip_process
                0x000000000000743c      0x498 contiki-z1.a(uip6.o)
                0x000000000000743c                uip_process
 .text.uip_htons
                0x00000000000078d4        0xc contiki-z1.a(uip6.o)
                0x00000000000078d4                uip_htons
 .text.uip_htonl
                0x00000000000078e0       0x2a contiki-z1.a(uip6.o)
                0x00000000000078e0                uip_htonl
 .text.uip_ds6_nbr_rm
                0x000000000000790a       0x1e contiki-z1.a(uip-ds6-nbr.o)
                0x000000000000790a                uip_ds6_nbr_rm
 .text.uip_ds6_neighbors_init
                0x0000000000007928       0x12 contiki-z1.a(uip-ds6-nbr.o)
                0x0000000000007928                uip_ds6_neighbors_init
 .text.uip_ds6_nbr_add
                0x000000000000793a       0x36 contiki-z1.a(uip-ds6-nbr.o)
                0x000000000000793a                uip_ds6_nbr_add
 .text.uip_ds6_nbr_get_ll
                0x0000000000007970        0xc contiki-z1.a(uip-ds6-nbr.o)
                0x0000000000007970                uip_ds6_nbr_get_ll
 .text.uip_ds6_nbr_lookup
                0x000000000000797c       0x3e contiki-z1.a(uip-ds6-nbr.o)
                0x000000000000797c                uip_ds6_nbr_lookup
 .text.uip_ds6_nbr_ll_lookup
                0x00000000000079ba        0xc contiki-z1.a(uip-ds6-nbr.o)
                0x00000000000079ba                uip_ds6_nbr_ll_lookup
 .text.uip_ds6_nbr_ipaddr_from_lladdr
                0x00000000000079c6        0x6 contiki-z1.a(uip-ds6-nbr.o)
                0x00000000000079c6                uip_ds6_nbr_ipaddr_from_lladdr
 .text.uip_ds6_nbr_lladdr_from_ipaddr
                0x00000000000079cc       0x12 contiki-z1.a(uip-ds6-nbr.o)
                0x00000000000079cc                uip_ds6_nbr_lladdr_from_ipaddr
 .text.uip_ds6_link_neighbor_callback
                0x00000000000079de       0x32 contiki-z1.a(uip-ds6-nbr.o)
                0x00000000000079de                uip_ds6_link_neighbor_callback
 .text.ns_input
                0x0000000000007a10      0x262 contiki-z1.a(uip-nd6.o)
 .text.uip_nd6_init
                0x0000000000007c72        0xa contiki-z1.a(uip-nd6.o)
                0x0000000000007c72                uip_nd6_init
 .text.clear_fragments
                0x0000000000007c7c       0x3a contiki-z1.a(sicslowpan.o)
 .text.set_packet_attrs
                0x0000000000007cb6       0x44 contiki-z1.a(sicslowpan.o)
 .text.addr_context_lookup_by_number
                0x0000000000007cfa       0x34 contiki-z1.a(sicslowpan.o)
 .text.compress_addr_64
                0x0000000000007d2e       0xaa contiki-z1.a(sicslowpan.o)
 .text.store_fragment
                0x0000000000007dd8       0x6e contiki-z1.a(sicslowpan.o)
 .text.add_fragment
                0x0000000000007e46      0x162 contiki-z1.a(sicslowpan.o)
 .text.uncompress_addr
                0x0000000000007fa8       0x96 contiki-z1.a(sicslowpan.o)
 .text.input    0x000000000000803e      0x61a contiki-z1.a(sicslowpan.o)
 .text.sicslowpan_init
                0x0000000000008658       0x24 contiki-z1.a(sicslowpan.o)
                0x0000000000008658                sicslowpan_init
 .text.addr_context_lookup_by_prefix
                0x000000000000867c       0x4a contiki-z1.a(sicslowpan.o)
 .text.send_packet
                0x00000000000086c6       0x1a contiki-z1.a(sicslowpan.o)
 .text.output   0x00000000000086e0      0x68e contiki-z1.a(sicslowpan.o)
 .text.packet_sent
                0x0000000000008d6e       0x22 contiki-z1.a(sicslowpan.o)
 .text.uip_debug_ipaddr_print
                0x0000000000008d90       0xba contiki-z1.a(uip-debug.o)
                0x0000000000008d90                uip_debug_ipaddr_print
 .text.tcpip_output
                0x0000000000008e4a       0x10 contiki-z1.a(tcpip.o)
                0x0000000000008e4a                tcpip_output
 .text.tcpip_set_outputfunc
                0x0000000000008e5a        0x6 contiki-z1.a(tcpip.o)
                0x0000000000008e5a                tcpip_set_outputfunc
 .text.udp_new  0x0000000000008e60       0x1a contiki-z1.a(tcpip.o)
                0x0000000000008e60                udp_new
 .text.tcpip_input
                0x0000000000008e7a       0x16 contiki-z1.a(tcpip.o)
                0x0000000000008e7a                tcpip_input
 .text.tcpip_ipv6_output
                0x0000000000008e90       0xc0 contiki-z1.a(tcpip.o)
                0x0000000000008e90                tcpip_ipv6_output
 .text.process_thread_tcpip_process
                0x0000000000008f50       0xcc contiki-z1.a(tcpip.o)
 .text.tcpip_uipcall
                0x000000000000901c       0x2a contiki-z1.a(tcpip.o)
                0x000000000000901c                tcpip_uipcall
 .text.process_thread_simple_udp_process
                0x0000000000009046       0x9c contiki-z1.a(simple-udp.o)
 .text.simple_udp_send
                0x00000000000090e2       0x2a contiki-z1.a(simple-udp.o)
                0x00000000000090e2                simple_udp_send
 .text.simple_udp_register
                0x000000000000910c       0x8a contiki-z1.a(simple-udp.o)
                0x000000000000910c                simple_udp_register
 .text.lollipop_greater_than
                0x0000000000009196       0x44 contiki-z1.a(rpl-dag.o)
 .text.acceptable_rank
                0x00000000000091da       0x44 contiki-z1.a(rpl-dag.o)
 .text.find_parent_any_dag_any_instance
                0x000000000000921e       0x14 contiki-z1.a(rpl-dag.o)
 .text.rpl_set_preferred_parent
                0x0000000000009232       0x2c contiki-z1.a(rpl-dag.o)
 .text.set_ip_from_prefix
                0x000000000000925e       0x30 contiki-z1.a(rpl-dag.o)
 .text.check_prefix
                0x000000000000928e       0x70 contiki-z1.a(rpl-dag.o)
 .text.rpl_dag_init
                0x00000000000092fe        0xe contiki-z1.a(rpl-dag.o)
                0x00000000000092fe                rpl_dag_init
 .text.rpl_get_parent
                0x000000000000930c        0xc contiki-z1.a(rpl-dag.o)
                0x000000000000930c                rpl_get_parent
 .text.rpl_rank_via_parent
                0x0000000000009318       0x2e contiki-z1.a(rpl-dag.o)
                0x0000000000009318                rpl_rank_via_parent
 .text.rpl_get_parent_lladdr
                0x0000000000009346        0xc contiki-z1.a(rpl-dag.o)
                0x0000000000009346                rpl_get_parent_lladdr
 .text.rpl_get_parent_ipaddr
                0x0000000000009352        0xa contiki-z1.a(rpl-dag.o)
                0x0000000000009352                rpl_get_parent_ipaddr
 .text.rpl_get_parent_link_stats
                0x000000000000935c        0xa contiki-z1.a(rpl-dag.o)
                0x000000000000935c                rpl_get_parent_link_stats
 .text.rpl_parent_is_fresh
                0x0000000000009366        0xa contiki-z1.a(rpl-dag.o)
                0x0000000000009366                rpl_parent_is_fresh
 .text.best_parent
                0x0000000000009370       0x70 contiki-z1.a(rpl-dag.o)
 .text.rpl_parent_is_reachable
                0x00000000000093e0       0x46 contiki-z1.a(rpl-dag.o)
                0x00000000000093e0                rpl_parent_is_reachable
 .text.rpl_set_prefix
                0x0000000000009426       0x74 contiki-z1.a(rpl-dag.o)
                0x0000000000009426                rpl_set_prefix
 .text.rpl_set_default_route
                0x000000000000949a       0x3a contiki-z1.a(rpl-dag.o)
                0x000000000000949a                rpl_set_default_route
 .text.rpl_alloc_instance
                0x00000000000094d4       0x34 contiki-z1.a(rpl-dag.o)
                0x00000000000094d4                rpl_alloc_instance
 .text.rpl_add_parent
                0x0000000000009508       0x3a contiki-z1.a(rpl-dag.o)
                0x0000000000009508                rpl_add_parent
 .text.rpl_find_parent
                0x0000000000009542       0x18 contiki-z1.a(rpl-dag.o)
                0x0000000000009542                rpl_find_parent
 .text.rpl_find_parent_any_dag
                0x000000000000955a       0x20 contiki-z1.a(rpl-dag.o)
                0x000000000000955a                rpl_find_parent_any_dag
 .text.rpl_select_parent
                0x000000000000957a       0x62 contiki-z1.a(rpl-dag.o)
                0x000000000000957a                rpl_select_parent
 .text.rpl_select_dag
                0x00000000000095dc      0x16e contiki-z1.a(rpl-dag.o)
                0x00000000000095dc                rpl_select_dag
 .text.rpl_nullify_parent
                0x000000000000974a       0x5c contiki-z1.a(rpl-dag.o)
                0x000000000000974a                rpl_nullify_parent
 .text.rpl_remove_parent
                0x00000000000097a6       0x16 contiki-z1.a(rpl-dag.o)
                0x00000000000097a6                rpl_remove_parent
 .text.nbr_callback
                0x00000000000097bc        0x6 contiki-z1.a(rpl-dag.o)
 .text.remove_parents.constprop.3
                0x00000000000097c2       0x2c contiki-z1.a(rpl-dag.o)
 .text.rpl_free_dag
                0x00000000000097ee       0x44 contiki-z1.a(rpl-dag.o)
                0x00000000000097ee                rpl_free_dag
 .text.rpl_move_parent
                0x0000000000009832       0x60 contiki-z1.a(rpl-dag.o)
                0x0000000000009832                rpl_move_parent
 .text.rpl_get_dag
                0x0000000000009892       0x5c contiki-z1.a(rpl-dag.o)
                0x0000000000009892                rpl_get_dag
 .text.rpl_get_any_dag
                0x00000000000098ee       0x18 contiki-z1.a(rpl-dag.o)
                0x00000000000098ee                rpl_get_any_dag
 .text.rpl_get_instance
                0x0000000000009906       0x1a contiki-z1.a(rpl-dag.o)
                0x0000000000009906                rpl_get_instance
 .text.rpl_alloc_dag
                0x0000000000009920       0x5c contiki-z1.a(rpl-dag.o)
                0x0000000000009920                rpl_alloc_dag
 .text.rpl_repair_root
                0x000000000000997c       0x50 contiki-z1.a(rpl-dag.o)
                0x000000000000997c                rpl_repair_root
 .text.rpl_find_of
                0x00000000000099cc       0x10 contiki-z1.a(rpl-dag.o)
                0x00000000000099cc                rpl_find_of
 .text.rpl_join_instance
                0x00000000000099dc      0x144 contiki-z1.a(rpl-dag.o)
                0x00000000000099dc                rpl_join_instance
 .text.rpl_local_repair
                0x0000000000009b20       0x7e contiki-z1.a(rpl-dag.o)
                0x0000000000009b20                rpl_local_repair
 .text.rpl_process_parent_event
                0x0000000000009b9e       0x82 contiki-z1.a(rpl-dag.o)
                0x0000000000009b9e                rpl_process_parent_event
 .text.rpl_recalculate_ranks
                0x0000000000009c20       0x46 contiki-z1.a(rpl-dag.o)
                0x0000000000009c20                rpl_recalculate_ranks
 .text.rpl_add_dag
                0x0000000000009c66      0x104 contiki-z1.a(rpl-dag.o)
                0x0000000000009c66                rpl_add_dag
 .text.rpl_process_dio
                0x0000000000009d6a      0x31a contiki-z1.a(rpl-dag.o)
                0x0000000000009d6a                rpl_process_dio
 .text.handle_unicast_dio_timer
                0x000000000000a084       0x1c contiki-z1.a(rpl-timers.o)
 .text.new_dio_interval
                0x000000000000a0a0       0x8a contiki-z1.a(rpl-timers.o)
 .text.handle_periodic_timer
                0x000000000000a12a       0x50 contiki-z1.a(rpl-timers.o)
 .text.set_dao_lifetime_timer.part.0
                0x000000000000a17a       0x5e contiki-z1.a(rpl-timers.o)
 .text.schedule_dao
                0x000000000000a1d8       0x80 contiki-z1.a(rpl-timers.o)
 .text.handle_dio_timer
                0x000000000000a258       0x88 contiki-z1.a(rpl-timers.o)
 .text.handle_dao_timer
                0x000000000000a2e0       0x72 contiki-z1.a(rpl-timers.o)
 .text.rpl_reset_periodic_timer
                0x000000000000a352       0x5c contiki-z1.a(rpl-timers.o)
                0x000000000000a352                rpl_reset_periodic_timer
 .text.rpl_reset_dio_timer
                0x000000000000a3ae       0x18 contiki-z1.a(rpl-timers.o)
                0x000000000000a3ae                rpl_reset_dio_timer
 .text.rpl_schedule_dao
                0x000000000000a3c6        0xc contiki-z1.a(rpl-timers.o)
                0x000000000000a3c6                rpl_schedule_dao
 .text.rpl_schedule_unicast_dio_immediately
                0x000000000000a3d2       0x16 contiki-z1.a(rpl-timers.o)
                0x000000000000a3d2                rpl_schedule_unicast_dio_immediately
 .text.get_probing_delay
                0x000000000000a3e8       0x40 contiki-z1.a(rpl-timers.o)
                0x000000000000a3e8                get_probing_delay
 .text.get_probing_target
                0x000000000000a428       0xe2 contiki-z1.a(rpl-timers.o)
                0x000000000000a428                get_probing_target
 .text.rpl_schedule_probing
                0x000000000000a50a       0x26 contiki-z1.a(rpl-timers.o)
                0x000000000000a50a                rpl_schedule_probing
 .text.handle_probing_timer
                0x000000000000a530       0x34 contiki-z1.a(rpl-timers.o)
 .text.update_hbh_header
                0x000000000000a564       0xcc contiki-z1.a(rpl-ext-header.)
 .text.insert_hbh_header
                0x000000000000a630       0x94 contiki-z1.a(rpl-ext-header.)
 .text.rpl_verify_hbh_header
                0x000000000000a6c4       0xf8 contiki-z1.a(rpl-ext-header.)
                0x000000000000a6c4                rpl_verify_hbh_header
 .text.rpl_remove_header
                0x000000000000a7bc       0x76 contiki-z1.a(rpl-ext-header.)
                0x000000000000a7bc                rpl_remove_header
 .text.rpl_update_header
                0x000000000000a832       0x64 contiki-z1.a(rpl-ext-header.)
                0x000000000000a832                rpl_update_header
 .text.rpl_get_mode
                0x000000000000a896        0x6 contiki-z1.a(rpl.o)
                0x000000000000a896                rpl_get_mode
 .text.rpl_purge_routes
                0x000000000000a89c       0x94 contiki-z1.a(rpl.o)
                0x000000000000a89c                rpl_purge_routes
 .text.rpl_remove_routes
                0x000000000000a930       0x22 contiki-z1.a(rpl.o)
                0x000000000000a930                rpl_remove_routes
 .text.rpl_remove_routes_by_nexthop
                0x000000000000a952       0x3e contiki-z1.a(rpl.o)
                0x000000000000a952                rpl_remove_routes_by_nexthop
 .text.rpl_add_route
                0x000000000000a990       0x4e contiki-z1.a(rpl.o)
                0x000000000000a990                rpl_add_route
 .text.rpl_link_neighbor_callback
                0x000000000000a9de       0x4c contiki-z1.a(rpl.o)
                0x000000000000a9de                rpl_link_neighbor_callback
 .text.rpl_ipv6_neighbor_callback
                0x000000000000aa2a       0x1e contiki-z1.a(rpl.o)
                0x000000000000aa2a                rpl_ipv6_neighbor_callback
 .text.rpl_purge_dags
                0x000000000000aa48       0x5e contiki-z1.a(rpl.o)
                0x000000000000aa48                rpl_purge_dags
 .text.rpl_init
                0x000000000000aaa6       0x44 contiki-z1.a(rpl.o)
                0x000000000000aaa6                rpl_init
 .text.reset    0x000000000000aaea        0x2 contiki-z1.a(rpl-mrhof.o)
 .text.update_metric_container
                0x000000000000aaec        0x6 contiki-z1.a(rpl-mrhof.o)
 .text.parent_link_metric
                0x000000000000aaf2       0x10 contiki-z1.a(rpl-mrhof.o)
 .text.parent_has_usable_link
                0x000000000000ab02       0x14 contiki-z1.a(rpl-mrhof.o)
 .text.best_dag
                0x000000000000ab16       0x34 contiki-z1.a(rpl-mrhof.o)
 .text.parent_path_cost
                0x000000000000ab4a       0x40 contiki-z1.a(rpl-mrhof.o)
 .text.parent_is_acceptable
                0x000000000000ab8a       0x26 contiki-z1.a(rpl-mrhof.o)
 .text.best_parent
                0x000000000000abb0       0x7c contiki-z1.a(rpl-mrhof.o)
 .text.rank_via_parent
                0x000000000000ac2c       0x4e contiki-z1.a(rpl-mrhof.o)
 .text.queuebuf_init
                0x000000000000ac7a       0x12 contiki-z1.a(queuebuf.o)
                0x000000000000ac7a                queuebuf_init
 .text.queuebuf_numfree
                0x000000000000ac8c        0xa contiki-z1.a(queuebuf.o)
                0x000000000000ac8c                queuebuf_numfree
 .text.queuebuf_new_from_packetbuf
                0x000000000000ac96       0x4e contiki-z1.a(queuebuf.o)
                0x000000000000ac96                queuebuf_new_from_packetbuf
 .text.queuebuf_free
                0x000000000000ace4       0x2a contiki-z1.a(queuebuf.o)
                0x000000000000ace4                queuebuf_free
 .text.queuebuf_to_packetbuf
                0x000000000000ad0e       0x32 contiki-z1.a(queuebuf.o)
                0x000000000000ad0e                queuebuf_to_packetbuf
 .text.index_from_key
                0x000000000000ad40       0x44 contiki-z1.a(nbr-table.o)
 .text.item_from_key
                0x000000000000ad84       0x34 contiki-z1.a(nbr-table.o)
 .text.nbr_set_bit
                0x000000000000adb8       0x76 contiki-z1.a(nbr-table.o)
 .text.index_from_lladdr
                0x000000000000ae2e       0x3e contiki-z1.a(nbr-table.o)
 .text.nbr_get_bit.constprop.0
                0x000000000000ae6c       0x5a contiki-z1.a(nbr-table.o)
 .text.remove_key
                0x000000000000aec6       0x50 contiki-z1.a(nbr-table.o)
 .text.nbr_table_register
                0x000000000000af16       0x26 contiki-z1.a(nbr-table.o)
                0x000000000000af16                nbr_table_register
 .text.nbr_table_next
                0x000000000000af3c       0x78 contiki-z1.a(nbr-table.o)
                0x000000000000af3c                nbr_table_next
 .text.nbr_table_head
                0x000000000000afb4       0x32 contiki-z1.a(nbr-table.o)
                0x000000000000afb4                nbr_table_head
 .text.nbr_table_add_lladdr
                0x000000000000afe6      0x120 contiki-z1.a(nbr-table.o)
                0x000000000000afe6                nbr_table_add_lladdr
 .text.nbr_table_get_from_lladdr
                0x000000000000b106       0x44 contiki-z1.a(nbr-table.o)
                0x000000000000b106                nbr_table_get_from_lladdr
 .text.nbr_table_remove
                0x000000000000b14a       0x2a contiki-z1.a(nbr-table.o)
                0x000000000000b14a                nbr_table_remove
 .text.nbr_table_lock
                0x000000000000b174       0x10 contiki-z1.a(nbr-table.o)
                0x000000000000b174                nbr_table_lock
 .text.nbr_table_unlock
                0x000000000000b184       0x10 contiki-z1.a(nbr-table.o)
                0x000000000000b184                nbr_table_unlock
 .text.nbr_table_get_lladdr
                0x000000000000b194       0x54 contiki-z1.a(nbr-table.o)
                0x000000000000b194                nbr_table_get_lladdr
 .text.nbr_table_update_lladdr
                0x000000000000b1e8       0x54 contiki-z1.a(nbr-table.o)
                0x000000000000b1e8                nbr_table_update_lladdr
 .text.packetbuf_hdrreduce
                0x000000000000b23c       0x1a contiki-z1.a(packetbuf.o)
                0x000000000000b23c                packetbuf_hdrreduce
 .text.packetbuf_set_datalen
                0x000000000000b256        0x6 contiki-z1.a(packetbuf.o)
                0x000000000000b256                packetbuf_set_datalen
 .text.packetbuf_hdrptr
                0x000000000000b25c        0x6 contiki-z1.a(packetbuf.o)
                0x000000000000b25c                packetbuf_hdrptr
 .text.packetbuf_datalen
                0x000000000000b262        0x6 contiki-z1.a(packetbuf.o)
                0x000000000000b262                packetbuf_datalen
 .text.packetbuf_hdrlen
                0x000000000000b268        0xa contiki-z1.a(packetbuf.o)
                0x000000000000b268                packetbuf_hdrlen
 .text.packetbuf_dataptr
                0x000000000000b272        0xc contiki-z1.a(packetbuf.o)
                0x000000000000b272                packetbuf_dataptr
 .text.packetbuf_copyto
                0x000000000000b27e       0x3a contiki-z1.a(packetbuf.o)
                0x000000000000b27e                packetbuf_copyto
 .text.packetbuf_totlen
                0x000000000000b2b8        0xc contiki-z1.a(packetbuf.o)
                0x000000000000b2b8                packetbuf_totlen
 .text.packetbuf_hdralloc
                0x000000000000b2c4       0x3a contiki-z1.a(packetbuf.o)
                0x000000000000b2c4                packetbuf_hdralloc
 .text.packetbuf_attr_clear
                0x000000000000b2fe       0x28 contiki-z1.a(packetbuf.o)
                0x000000000000b2fe                packetbuf_attr_clear
 .text.packetbuf_clear
                0x000000000000b326       0x12 contiki-z1.a(packetbuf.o)
                0x000000000000b326                packetbuf_clear
 .text.packetbuf_copyfrom
                0x000000000000b338       0x2a contiki-z1.a(packetbuf.o)
                0x000000000000b338                packetbuf_copyfrom
 .text.packetbuf_attr_copyto
                0x000000000000b362       0x22 contiki-z1.a(packetbuf.o)
                0x000000000000b362                packetbuf_attr_copyto
 .text.packetbuf_attr_copyfrom
                0x000000000000b384       0x24 contiki-z1.a(packetbuf.o)
                0x000000000000b384                packetbuf_attr_copyfrom
 .text.packetbuf_holds_broadcast
                0x000000000000b3a8        0xe contiki-z1.a(packetbuf.o)
                0x000000000000b3a8                packetbuf_holds_broadcast
 .text.linkaddr_copy
                0x000000000000b3b6        0x8 contiki-z1.a(linkaddr.o)
                0x000000000000b3b6                linkaddr_copy
 .text.linkaddr_cmp
                0x000000000000b3be       0x12 contiki-z1.a(linkaddr.o)
                0x000000000000b3be                linkaddr_cmp
 .text.linkaddr_set_node_addr
                0x000000000000b3d0        0xc contiki-z1.a(linkaddr.o)
                0x000000000000b3d0                linkaddr_set_node_addr
 .text.periodic
                0x000000000000b3dc       0x2c contiki-z1.a(link-stats.o)
 .text.link_stats_from_lladdr
                0x000000000000b408        0xc contiki-z1.a(link-stats.o)
                0x000000000000b408                link_stats_from_lladdr
 .text.link_stats_is_fresh
                0x000000000000b414       0x30 contiki-z1.a(link-stats.o)
                0x000000000000b414                link_stats_is_fresh
 .text.link_stats_packet_sent
                0x000000000000b444       0xc0 contiki-z1.a(link-stats.o)
                0x000000000000b444                link_stats_packet_sent
 .text.link_stats_input_callback
                0x000000000000b504       0xac contiki-z1.a(link-stats.o)
                0x000000000000b504                link_stats_input_callback
 .text.link_stats_init
                0x000000000000b5b0       0x22 contiki-z1.a(link-stats.o)
                0x000000000000b5b0                link_stats_init
 .text.send_packet
                0x000000000000b5d2        0x6 contiki-z1.a(nullmac.o)
 .text.packet_input
                0x000000000000b5d8        0x6 contiki-z1.a(nullmac.o)
 .text.on       0x000000000000b5de        0x6 contiki-z1.a(nullmac.o)
 .text.off      0x000000000000b5e4        0x6 contiki-z1.a(nullmac.o)
 .text.channel_check_interval
                0x000000000000b5ea        0x4 contiki-z1.a(nullmac.o)
 .text.init     0x000000000000b5ee        0x2 contiki-z1.a(nullmac.o)
 .text.parse    0x000000000000b5f0       0xa2 contiki-z1.a(framer-802154.o)
 .text.create_frame.isra.0
                0x000000000000b692      0x114 contiki-z1.a(framer-802154.o)
 .text.create   0x000000000000b7a6        0x8 contiki-z1.a(framer-802154.o)
 .text.hdr_length
                0x000000000000b7ae        0x8 contiki-z1.a(framer-802154.o)
 .text.on       0x000000000000b7b6        0x6 contiki-z1.a(nullrdc.o)
 .text.channel_check_interval
                0x000000000000b7bc        0x4 contiki-z1.a(nullrdc.o)
 .text.init     0x000000000000b7c0        0x6 contiki-z1.a(nullrdc.o)
 .text.send_one_packet
                0x000000000000b7c6       0x62 contiki-z1.a(nullrdc.o)
 .text.send_list
                0x000000000000b828       0x28 contiki-z1.a(nullrdc.o)
 .text.send_packet
                0x000000000000b850        0x6 contiki-z1.a(nullrdc.o)
 .text.off      0x000000000000b856       0x10 contiki-z1.a(nullrdc.o)
 .text.packet_input
                0x000000000000b866       0x26 contiki-z1.a(nullrdc.o)
 .text.init     0x000000000000b88c        0x2 contiki-z1.a(nullsec.o)
 .text.send     0x000000000000b88e        0xa contiki-z1.a(nullsec.o)
 .text.input    0x000000000000b898        0x6 contiki-z1.a(nullsec.o)
 .text.i2c_receiveinit
                0x000000000000b89e       0x38 contiki-z1.a(i2cmaster.o)
                0x000000000000b89e                i2c_receiveinit
 .text.i2c_transmitinit
                0x000000000000b8d6       0x32 contiki-z1.a(i2cmaster.o)
                0x000000000000b8d6                i2c_transmitinit
 .text.i2c_receive_n
                0x000000000000b908       0x44 contiki-z1.a(i2cmaster.o)
                0x000000000000b908                i2c_receive_n
 .text.i2c_busy
                0x000000000000b94c        0xa contiki-z1.a(i2cmaster.o)
                0x000000000000b94c                i2c_busy
 .text.i2c_enable
                0x000000000000b956       0x24 contiki-z1.a(i2cmaster.o)
                0x000000000000b956                i2c_enable
 .text.i2c_transmit_n
                0x000000000000b97a       0x14 contiki-z1.a(i2cmaster.o)
                0x000000000000b97a                i2c_transmit_n
 .text.i2c_tx_interrupt
                0x000000000000b98e       0x8a contiki-z1.a(i2cmaster.o)
                0x000000000000b98e                __isr_16
                0x000000000000b98e                i2c_tx_interrupt
 .text.i2c_rx_interrupt
                0x000000000000ba18       0x18 contiki-z1.a(i2cmaster.o)
                0x000000000000ba18                i2c_rx_interrupt
                0x000000000000ba18                __isr_17
 .text.status   0x000000000000ba30       0x16 contiki-z1.a(button-sensor.o)
 .text.configure
                0x000000000000ba46       0x52 contiki-z1.a(button-sensor.o)
 .text.value    0x000000000000ba98       0x22 contiki-z1.a(button-sensor.o)
 .text.irq_p2   0x000000000000baba       0x76 contiki-z1.a(button-sensor.o)
                0x000000000000baba                irq_p2
                0x000000000000baba                __isr_19
 .text.stimer_set
                0x000000000000bb30       0x1c contiki-z1.a(stimer.o)
                0x000000000000bb30                stimer_set
 .text.stimer_expired
                0x000000000000bb4c       0x30 contiki-z1.a(stimer.o)
                0x000000000000bb4c                stimer_expired
 .text.memb_init
                0x000000000000bb7c       0x36 contiki-z1.a(memb.o)
                0x000000000000bb7c                memb_init
 .text.memb_alloc
                0x000000000000bbb2       0x3e contiki-z1.a(memb.o)
                0x000000000000bbb2                memb_alloc
 .text.memb_free
                0x000000000000bbf0       0x3a contiki-z1.a(memb.o)
                0x000000000000bbf0                memb_free
 .text.memb_inmemb
                0x000000000000bc2a       0x2e contiki-z1.a(memb.o)
                0x000000000000bc2a                memb_inmemb
 .text.memb_numfree
                0x000000000000bc58       0x26 contiki-z1.a(memb.o)
                0x000000000000bc58                memb_numfree
 .text.echo_reply_input
                0x000000000000bc7e       0xaa contiki-z1.a(uip-icmp6.o)
 .text.echo_request_input
                0x000000000000bd28       0xca contiki-z1.a(uip-icmp6.o)
 .text.uip_icmp6_input
                0x000000000000bdf2       0x40 contiki-z1.a(uip-icmp6.o)
                0x000000000000bdf2                uip_icmp6_input
 .text.uip_icmp6_register_input_handler
                0x000000000000be32        0xc contiki-z1.a(uip-icmp6.o)
                0x000000000000be32                uip_icmp6_register_input_handler
 .text.uip_icmp6_error_output
                0x000000000000be3e      0x168 contiki-z1.a(uip-icmp6.o)
                0x000000000000be3e                uip_icmp6_error_output
 .text.uip_icmp6_send
                0x000000000000bfa6       0x86 contiki-z1.a(uip-icmp6.o)
                0x000000000000bfa6                uip_icmp6_send
 .text.uip_icmp6_init
                0x000000000000c02c       0x12 contiki-z1.a(uip-icmp6.o)
                0x000000000000c02c                uip_icmp6_init
 .text.uip_udp_packet_send
                0x000000000000c03e       0x2a contiki-z1.a(uip-udp-packet.)
                0x000000000000c03e                uip_udp_packet_send
 .text.uip_udp_packet_sendto
                0x000000000000c068       0x56 contiki-z1.a(uip-udp-packet.)
                0x000000000000c068                uip_udp_packet_sendto
 .text.prepare_for_dao_fwd
                0x000000000000c0be       0x28 contiki-z1.a(rpl-icmp6.o)
 .text.get32    0x000000000000c0e6       0x3e contiki-z1.a(rpl-icmp6.o)
 .text.set32    0x000000000000c124       0x2a contiki-z1.a(rpl-icmp6.o)
 .text.get16    0x000000000000c14e        0xe contiki-z1.a(rpl-icmp6.o)
 .text.set16    0x000000000000c15c       0x10 contiki-z1.a(rpl-icmp6.o)
 .text.dao_ack_input
                0x000000000000c16c        0xa contiki-z1.a(rpl-icmp6.o)
 .text.dio_input
                0x000000000000c176      0x282 contiki-z1.a(rpl-icmp6.o)
 .text.rpl_icmp6_update_nbr_table
                0x000000000000c3f8       0x28 contiki-z1.a(rpl-icmp6.o)
                0x000000000000c3f8                rpl_icmp6_update_nbr_table
 .text.dao_input
                0x000000000000c420      0x276 contiki-z1.a(rpl-icmp6.o)
 .text.dis_output
                0x000000000000c696       0x50 contiki-z1.a(rpl-icmp6.o)
                0x000000000000c696                dis_output
 .text.dio_output
                0x000000000000c6e6      0x24c contiki-z1.a(rpl-icmp6.o)
                0x000000000000c6e6                dio_output
 .text.dis_input
                0x000000000000c932       0x3e contiki-z1.a(rpl-icmp6.o)
 .text.dao_output_target
                0x000000000000c970       0xf8 contiki-z1.a(rpl-icmp6.o)
                0x000000000000c970                dao_output_target
 .text.dao_output
                0x000000000000ca68       0xa0 contiki-z1.a(rpl-icmp6.o)
                0x000000000000ca68                dao_output
 .text.rpl_icmp6_register_handlers
                0x000000000000cb08       0x22 contiki-z1.a(rpl-icmp6.o)
                0x000000000000cb08                rpl_icmp6_register_handlers
 .text.update_nbr
                0x000000000000cb2a       0xde contiki-z1.a(rpl-nbr-policy.)
 .text.handle_periodic_timer
                0x000000000000cc08        0xe contiki-z1.a(rpl-nbr-policy.)
 .text.find_removable_dis
                0x000000000000cc16       0x16 contiki-z1.a(rpl-nbr-policy.)
                0x000000000000cc16                find_removable_dis
 .text.find_removable_dio
                0x000000000000cc2c       0x3c contiki-z1.a(rpl-nbr-policy.)
                0x000000000000cc2c                find_removable_dio
 .text.find_removable_dao
                0x000000000000cc68       0x34 contiki-z1.a(rpl-nbr-policy.)
                0x000000000000cc68                find_removable_dao
 .text.rpl_nbr_policy_find_removable
                0x000000000000cc9c       0x30 contiki-z1.a(rpl-nbr-policy.)
                0x000000000000cc9c                rpl_nbr_policy_find_removable
 .text.frame802154_get_pan_id
                0x000000000000cccc        0x6 contiki-z1.a(frame802154.o)
                0x000000000000cccc                frame802154_get_pan_id
 .text.frame802154_has_panid
                0x000000000000ccd2       0xdc contiki-z1.a(frame802154.o)
                0x000000000000ccd2                frame802154_has_panid
 .text.field_len
                0x000000000000cdae       0xae contiki-z1.a(frame802154.o)
 .text.frame802154_is_broadcast_addr
                0x000000000000ce5c       0x24 contiki-z1.a(frame802154.o)
                0x000000000000ce5c                frame802154_is_broadcast_addr
 .text.frame802154_hdrlen
                0x000000000000ce80       0x32 contiki-z1.a(frame802154.o)
                0x000000000000ce80                frame802154_hdrlen
 .text.frame802154_create_fcf
                0x000000000000ceb2       0x6e contiki-z1.a(frame802154.o)
                0x000000000000ceb2                frame802154_create_fcf
 .text.frame802154_create
                0x000000000000cf20       0xd4 contiki-z1.a(frame802154.o)
                0x000000000000cf20                frame802154_create
 .text.frame802154_parse_fcf
                0x000000000000cff4       0x8a contiki-z1.a(frame802154.o)
                0x000000000000cff4                frame802154_parse_fcf
 .text.frame802154_parse
                0x000000000000d07e      0x178 contiki-z1.a(frame802154.o)
                0x000000000000d07e                frame802154_parse
 .text.mac_call_sent_callback
                0x000000000000d1f6       0x14 contiki-z1.a(mac.o)
                0x000000000000d1f6                mac_call_sent_callback
 .text.libgcc   0x000000000000d20a       0x2a /usr/lib/gcc/msp430/4.6.3/mcpu-430x/mmpy-16/libgcc.a(_mulsi3.o)
                0x000000000000d20a                __mulsi3
 .text.libgcc   0x000000000000d234       0x22 /usr/lib/gcc/msp430/4.6.3/mcpu-430x/mmpy-16/libgcc.a(_udivmod16.o)
                0x000000000000d234                __udivhi3
                0x000000000000d234                __ext_udivmod16
                0x000000000000d24e                __umodhi3
 .text.libgcc   0x000000000000d256       0x3a /usr/lib/gcc/msp430/4.6.3/mcpu-430x/mmpy-16/libgcc.a(_divmod16.o)
                0x000000000000d256                __ext_divmod16
                0x000000000000d256                __divhi3
                0x000000000000d288                __modhi3
 .text.libgcc   0x000000000000d290       0x38 /usr/lib/gcc/msp430/4.6.3/mcpu-430x/mmpy-16/libgcc.a(_udivmod32.o)
                0x000000000000d290                __udivsi3
                0x000000000000d290                __ext_udivmod32
                0x000000000000d2be                __umodsi3
 .text.libgcc   0x000000000000d2c8       0x4c /usr/lib/gcc/msp430/4.6.3/mcpu-430x/mmpy-16/libgcc.a(_divmod32.o)
                0x000000000000d2c8                __ext_divmod32
                0x000000000000d2c8                __divsi3
                0x000000000000d30a                __modsi3
 .text          0x000000000000d314       0x12 /usr/lib/gcc/msp430/4.6.3/../../../../msp430/lib/mcpu-430x/mmpy-16/libc.a(strchr.o)
                0x000000000000d314                strchr
 .text          0x000000000000d326       0x1e /usr/lib/gcc/msp430/4.6.3/../../../../msp430/lib/mcpu-430x/mmpy-16/libc.a(strcmp.o)
                0x000000000000d326                strcmp
 .text          0x000000000000d344       0x20 /usr/lib/gcc/msp430/4.6.3/../../../../msp430/lib/mcpu-430x/mmpy-16/libc.a(memcmp.o)
                0x000000000000d344                memcmp
 .text          0x000000000000d364       0x14 /usr/lib/gcc/msp430/4.6.3/../../../../msp430/lib/mcpu-430x/mmpy-16/libc.a(strcpy.o)
                0x000000000000d364                strcpy
 .text          0x000000000000d378       0x2a /usr/lib/gcc/msp430/4.6.3/../../../../msp430/lib/mcpu-430x/mmpy-16/libc.a(strncpy.o)
                0x000000000000d378                strncpy
 .text          0x000000000000d3a2       0xe4 /usr/lib/gcc/msp430/4.6.3/../../../../msp430/lib/mcpu-430x/mmpy-16/libc.a(memcpy.o)
                0x000000000000d3a2                memcpy
 .text          0x000000000000d486       0xe4 /usr/lib/gcc/msp430/4.6.3/../../../../msp430/lib/mcpu-430x/mmpy-16/libc.a(memmove.o)
                0x000000000000d486                memmove
 .text          0x000000000000d56a       0x5c /usr/lib/gcc/msp430/4.6.3/../../../../msp430/lib/mcpu-430x/mmpy-16/libc.a(memset.o)
                0x000000000000d56a                memset
 .text          0x000000000000d5c6       0xf2 /usr/lib/gcc/msp430/4.6.3/../../../../msp430/lib/mcpu-430x/mmpy-16/libc.a(malloc.o)
                0x000000000000d5c6                malloc
                0x000000000000d6b0                free
 .text          0x000000000000d6b8       0x1e /usr/lib/gcc/msp430/4.6.3/../../../../msp430/lib/mcpu-430x/mmpy-16/libc.a(printf.o)
                0x000000000000d6b8                printf
                0x000000000000d6c8                vprintf
 .text          0x000000000000d6d6       0xb8 /usr/lib/gcc/msp430/4.6.3/../../../../msp430/lib/mcpu-430x/mmpy-16/libc.a(sprintf.o)
                0x000000000000d730                sprintf
                0x000000000000d74c                snprintf
                0x000000000000d766                vsprintf
                0x000000000000d77c                vsnprintf
 .text          0x000000000000d78e      0x818 /usr/lib/gcc/msp430/4.6.3/../../../../msp430/lib/mcpu-430x/mmpy-16/libc.a(vuprintf.o)
                0x000000000000d90a                vuprintf
 .text          0x000000000000dfa6       0x2c /usr/lib/gcc/msp430/4.6.3/../../../../msp430/lib/mcpu-430x/mmpy-16/libc.a(puts.o)
                0x000000000000dfa6                puts
 .text          0x000000000000dfd2       0x54 /usr/lib/gcc/msp430/4.6.3/../../../../msp430/lib/mcpu-430x/mmpy-16/libc.a(rand.o)
                0x000000000000dfd2                rand_r
                0x000000000000dff6                rand
                0x000000000000e01c                srand
 .text.libgcc   0x000000000000e026       0xbc /usr/lib/gcc/msp430/4.6.3/mcpu-430x/mmpy-16/libgcc.a(_udivmod64.o)
                0x000000000000e026                __xabi_udivmod64
                0x000000000000e078                __udivdi3
                0x000000000000e092                __umoddi3
                0x000000000000e0b4                __udivmoddi4
 .text.crt0     0x000000000000e0e2        0x2 /usr/lib/gcc/msp430/4.6.3/mcpu-430x/mmpy-16/libcrt0.a(_unexpected_.o)
                0x000000000000e0e2                _unexpected_
                0x000000000000e0e4                . = ALIGN (0x2)

.rodata         0x000000000000e0e4      0x6fe
                0x000000000000e0e4                . = ALIGN (0x2)
 *(.rodata .rodata.* .gnu.linkonce.r.*)
 .rodata        0x000000000000e0e4       0xe6 main_core.co
                0x000000000000e170                autostart_processes
 .rodata        0x000000000000e1ca      0x31c obj_z1/mqtt_sn.o
 .rodata        0x000000000000e4e6       0x38 obj_z1/powertrace.o
 .rodata        0x000000000000e51e      0x11a obj_z1/contiki-z1-main.o
 .rodata        0x000000000000e638       0x70 contiki-z1.a(cc2420.o)
                0x000000000000e66a                cc2420_aes_128_driver
                0x000000000000e66e                cc2420_driver
 .rodata        0x000000000000e6a8        0x8 contiki-z1.a(sensors.o)
 .rodata        0x000000000000e6b0       0x2e contiki-z1.a(adxl345.o)
                0x000000000000e6c0                adxl345
 .rodata        0x000000000000e6de       0x16 contiki-z1.a(tmp102.o)
                0x000000000000e6ec                tmp102
 .rodata        0x000000000000e6f4        0xc contiki-z1.a(etimer.o)
 .rodata        0x000000000000e700        0xf contiki-z1.a(ctimer.o)
 *fill*         0x000000000000e70f        0x1 00
 .rodata        0x000000000000e710       0x24 contiki-z1.a(sicslowpan.o)
                0x000000000000e71c                sicslowpan_driver
                0x000000000000e722                llprefix
                0x000000000000e724                unc_mxconf
                0x000000000000e728                unc_ctxconf
                0x000000000000e72c                unc_llconf
 .rodata        0x000000000000e734       0x28 contiki-z1.a(uip-debug.o)
 .rodata        0x000000000000e75c        0xd contiki-z1.a(tcpip.o)
 .rodata        0x000000000000e769       0x13 contiki-z1.a(simple-udp.o)
 .rodata        0x000000000000e77c        0x8 contiki-z1.a(linkaddr.o)
                0x000000000000e77c                linkaddr_null
 .rodata        0x000000000000e784       0x16 contiki-z1.a(nullmac.o)
                0x000000000000e78c                nullmac_driver
 .rodata        0x000000000000e79a        0x6 contiki-z1.a(framer-802154.o)
                0x000000000000e79a                framer_802154
 .rodata        0x000000000000e7a0       0x18 contiki-z1.a(nullrdc.o)
                0x000000000000e7a8                nullrdc_driver
 .rodata        0x000000000000e7b8       0x10 contiki-z1.a(nullsec.o)
                0x000000000000e7c0                nullsec_driver
 .rodata        0x000000000000e7c8       0x10 contiki-z1.a(button-sensor.o)
                0x000000000000e7d0                button_sensor
 .rodata        0x000000000000e7d8        0x2 contiki-z1.a(frame802154.o)
 .rodata        0x000000000000e7da        0x7 /usr/lib/gcc/msp430/4.6.3/../../../../msp430/lib/mcpu-430x/mmpy-16/libc.a(vuprintf.o)
                0x000000000000e7e2                . = ALIGN (0x2)
 *fill*         0x000000000000e7e1        0x1 00
                0x000000000000e7e2                _etext = .

.data           0x0000000000001100      0x136 load address 0x000000000000e7e2
                0x0000000000001100                . = ALIGN (0x2)
                0x0000000000001100                PROVIDE (__data_start, .)
 *(.data .data.* .gnu.linkonce.d.*)
 .data          0x0000000000001100       0x1a main_core.co
                0x0000000000001100                init_system_process
 .data          0x000000000000111a        0xe obj_z1/mqtt_sn.o
                0x000000000000111a                mqtt_sn_main
 .data          0x0000000000001128        0xa obj_z1/powertrace.o
                0x0000000000001128                powertrace_process